Archive member included to satisfy reference by file (symbol)

C:/Users/25000421/.pico-sdk/toolchain/14_2_Rel1/bin/../lib/gcc/arm-none-eabi/14.2.1/thumb/v6-m/nofp\libgcc.a(_dvmd_tls.o)
                              CMakeFiles/pico_i2c_adaptor_user1.dir/C_/Users/25000421/.pico-sdk/sdk/2.2.0/src/rp2_common/pico_divider/divider_hardware.S.obj (__aeabi_idiv0)
C:/Users/25000421/.pico-sdk/toolchain/14_2_Rel1/bin/../lib/gcc/arm-none-eabi/14.2.1/thumb/v6-m/nofp\libg.a(libc_a-calloc.o)
                              CMakeFiles/pico_i2c_adaptor_user1.dir/C_/Users/25000421/.pico-sdk/sdk/2.2.0/src/rp2_common/pico_malloc/malloc.c.obj (calloc)
C:/Users/25000421/.pico-sdk/toolchain/14_2_Rel1/bin/../lib/gcc/arm-none-eabi/14.2.1/thumb/v6-m/nofp\libg.a(libc_a-callocr.o)
                              C:/Users/25000421/.pico-sdk/toolchain/14_2_Rel1/bin/../lib/gcc/arm-none-eabi/14.2.1/thumb/v6-m/nofp\libg.a(libc_a-calloc.o) (_calloc_r)
C:/Users/25000421/.pico-sdk/toolchain/14_2_Rel1/bin/../lib/gcc/arm-none-eabi/14.2.1/thumb/v6-m/nofp\libg.a(libc_a-malloc.o)
                              CMakeFiles/pico_i2c_adaptor_user1.dir/C_/Users/25000421/.pico-sdk/sdk/2.2.0/src/rp2_common/pico_malloc/malloc.c.obj (malloc)
C:/Users/25000421/.pico-sdk/toolchain/14_2_Rel1/bin/../lib/gcc/arm-none-eabi/14.2.1/thumb/v6-m/nofp\libg.a(libc_a-mallocr.o)
                              C:/Users/25000421/.pico-sdk/toolchain/14_2_Rel1/bin/../lib/gcc/arm-none-eabi/14.2.1/thumb/v6-m/nofp\libg.a(libc_a-callocr.o) (_malloc_r)
C:/Users/25000421/.pico-sdk/toolchain/14_2_Rel1/bin/../lib/gcc/arm-none-eabi/14.2.1/thumb/v6-m/nofp\libg.a(libc_a-mlock.o)
                              C:/Users/25000421/.pico-sdk/toolchain/14_2_Rel1/bin/../lib/gcc/arm-none-eabi/14.2.1/thumb/v6-m/nofp\libg.a(libc_a-mallocr.o) (__malloc_lock)
C:/Users/25000421/.pico-sdk/toolchain/14_2_Rel1/bin/../lib/gcc/arm-none-eabi/14.2.1/thumb/v6-m/nofp\libg.a(libc_a-realloc.o)
                              CMakeFiles/pico_i2c_adaptor_user1.dir/C_/Users/25000421/.pico-sdk/sdk/2.2.0/src/rp2_common/pico_malloc/malloc.c.obj (realloc)
C:/Users/25000421/.pico-sdk/toolchain/14_2_Rel1/bin/../lib/gcc/arm-none-eabi/14.2.1/thumb/v6-m/nofp\libg.a(libc_a-reallocr.o)
                              C:/Users/25000421/.pico-sdk/toolchain/14_2_Rel1/bin/../lib/gcc/arm-none-eabi/14.2.1/thumb/v6-m/nofp\libg.a(libc_a-realloc.o) (_realloc_r)
C:/Users/25000421/.pico-sdk/toolchain/14_2_Rel1/bin/../lib/gcc/arm-none-eabi/14.2.1/thumb/v6-m/nofp\libg.a(libc_a-memcmp.o)
                              CMakeFiles/pico_i2c_adaptor_user1.dir/C_/Users/25000421/.pico-sdk/sdk/2.2.0/src/rp2_common/pico_atomic/atomic.c.obj (memcmp)
C:/Users/25000421/.pico-sdk/toolchain/14_2_Rel1/bin/../lib/gcc/arm-none-eabi/14.2.1/thumb/v6-m/nofp\libg.a(libc_a-memmove.o)
                              C:/Users/25000421/.pico-sdk/toolchain/14_2_Rel1/bin/../lib/gcc/arm-none-eabi/14.2.1/thumb/v6-m/nofp\libg.a(libc_a-reallocr.o) (memmove)
C:/Users/25000421/.pico-sdk/toolchain/14_2_Rel1/bin/../lib/gcc/arm-none-eabi/14.2.1/thumb/v6-m/nofp\libg.a(libc_a-lcltime_r.o)
                              CMakeFiles/pico_i2c_adaptor_user1.dir/C_/Users/25000421/.pico-sdk/sdk/2.2.0/src/common/pico_util/datetime.c.obj (localtime_r)
C:/Users/25000421/.pico-sdk/toolchain/14_2_Rel1/bin/../lib/gcc/arm-none-eabi/14.2.1/thumb/v6-m/nofp\libg.a(libc_a-mktime.o)
                              CMakeFiles/pico_i2c_adaptor_user1.dir/C_/Users/25000421/.pico-sdk/sdk/2.2.0/src/common/pico_util/datetime.c.obj (mktime)
C:/Users/25000421/.pico-sdk/toolchain/14_2_Rel1/bin/../lib/gcc/arm-none-eabi/14.2.1/thumb/v6-m/nofp\libg.a(libc_a-month_lengths.o)
                              C:/Users/25000421/.pico-sdk/toolchain/14_2_Rel1/bin/../lib/gcc/arm-none-eabi/14.2.1/thumb/v6-m/nofp\libg.a(libc_a-lcltime_r.o) (__month_lengths)
C:/Users/25000421/.pico-sdk/toolchain/14_2_Rel1/bin/../lib/gcc/arm-none-eabi/14.2.1/thumb/v6-m/nofp\libg.a(libc_a-tzcalc_limits.o)
                              C:/Users/25000421/.pico-sdk/toolchain/14_2_Rel1/bin/../lib/gcc/arm-none-eabi/14.2.1/thumb/v6-m/nofp\libg.a(libc_a-lcltime_r.o) (__tzcalc_limits)
C:/Users/25000421/.pico-sdk/toolchain/14_2_Rel1/bin/../lib/gcc/arm-none-eabi/14.2.1/thumb/v6-m/nofp\libg.a(libc_a-tzlock.o)
                              C:/Users/25000421/.pico-sdk/toolchain/14_2_Rel1/bin/../lib/gcc/arm-none-eabi/14.2.1/thumb/v6-m/nofp\libg.a(libc_a-lcltime_r.o) (__tz_lock)
C:/Users/25000421/.pico-sdk/toolchain/14_2_Rel1/bin/../lib/gcc/arm-none-eabi/14.2.1/thumb/v6-m/nofp\libg.a(libc_a-tzset.o)
                              C:/Users/25000421/.pico-sdk/toolchain/14_2_Rel1/bin/../lib/gcc/arm-none-eabi/14.2.1/thumb/v6-m/nofp\libg.a(libc_a-lcltime_r.o) (_tzset_unlocked)
C:/Users/25000421/.pico-sdk/toolchain/14_2_Rel1/bin/../lib/gcc/arm-none-eabi/14.2.1/thumb/v6-m/nofp\libg.a(libc_a-tzset_r.o)
[...]
Memory Configuration

Name             Origin             Length             Attributes
FLASH            0x10000000         0x00200000         xr
RAM              0x20000000         0x00040000         xrw
SCRATCH_X        0x20040000         0x00001000         xrw
SCRATCH_Y        0x20041000         0x00001000         xrw
*default*        0x00000000         0xffffffff

Linker script and memory map

LOAD C:/Users/25000421/.pico-sdk/toolchain/14_2_Rel1/bin/../lib/gcc/arm-none-eabi/14.2.1/thumb/v6-m/nofp/crti.o
LOAD C:/Users/25000421/.pico-sdk/toolchain/14_2_Rel1/bin/../lib/gcc/arm-none-eabi/14.2.1/thumb/v6-m/nofp/crtbegin.o
LOAD C:/Users/25000421/.pico-sdk/toolchain/14_2_Rel1/bin/../lib/gcc/arm-none-eabi/14.2.1/thumb/v6-m/nofp/crt0.o

.flash_begin    0x10000000        0x0
                0x10000000                        __flash_binary_start = .

.boot2          0x10000000      0x100
                0x10000000                        __boot2_start__ = .
 *(.boot2)
 .boot2         0x10000000      0x100 pico-sdk/src/rp2040/boot_stage2/CMakeFiles/bs2_default_library.dir/./bs2_default_padded_checksummed.S.obj
                0x10000100                        __boot2_end__ = .
                0x00000001                        ASSERT (((__boot2_end__ - __boot2_start__) == 0x100), ERROR: Pico second stage bootloader must be 256 bytes in size)

.text           0x10000100     0x4ebc
                0x10000100                        __logical_binary_start = .
 *(.vectors)
 .vectors       0x10000100       0xd4 CMakeFiles/pico_i2c_adaptor_user1.dir/C_/Users/25000421/.pico-sdk/sdk/2.2.0/src/rp2_common/pico_crt0/crt0.S.obj
                0x10000100                __VECTOR_TABLE
                0x10000100                __vectors
                0x100001c0                isr_irq13
                0x100001c0                isr_irq27
                0x100001c0                isr_irq31
                0x100001c0                isr_irq12
                0x100001c0                isr_irq5
                0x100001c0                isr_irq11
                0x100001c0                isr_irq3
                0x100001c0                isr_irq23
                0x100001c0                __unhandled_user_irq
                0x100001c0                isr_irq26
                0x100001c0                isr_irq28
                0x100001c0                isr_irq19
                0x100001c0                isr_irq0
                0x100001c0                isr_irq6
                0x100001c0                isr_irq29
                0x100001c0                isr_irq16
                0x100001c0                isr_irq22
                0x100001c0                isr_irq18
                0x100001c0                isr_irq17
                0x100001c0                isr_irq14
                0x100001c0                __vectors_end
                0x100001c0                __default_isrs_start
                0x100001c0                isr_irq2
                0x100001c0                isr_irq10
                0x100001c0                isr_irq8
                0x100001c0                isr_irq24
                0x100001c0                isr_irq1
                0x100001c0                isr_irq7
                0x100001c0                isr_irq21
                0x100001c0                isr_irq20
                0x100001c0                isr_irq15
                0x100001c0                isr_irq25
                0x100001c0                isr_irq4
                0x100001c0                isr_irq30
                0x100001c0                isr_irq9
                0x100001c6                unhandled_user_irq_num_in_r0
                0x100001c8                isr_invalid
                0x100001ca                isr_nmi
                0x100001cc                isr_hardfault
                0x100001ce                isr_svcall
                0x100001d0                isr_pendsv
                0x100001d2                isr_systick
                0x100001d4                __default_isrs_end
 *(.binary_info_header)
 .binary_info_header
                0x100001d4       0x14 CMakeFiles/pico_i2c_adaptor_user1.dir/C_/Users/25000421/.pico-sdk/sdk/2.2.0/src/rp2_common/pico_crt0/crt0.S.obj
                0x100001e8                        __binary_info_header_end = .
 *(.embedded_block)
                0x100001e8                        __embedded_block_end = .
 *(.reset)
 .reset         0x100001e8       0x9c CMakeFiles/pico_i2c_adaptor_user1.dir/C_/Users/25000421/.pico-sdk/sdk/2.2.0/src/rp2_common/pico_crt0/crt0.S.obj
                0x100001e8                _entry_point
 *(.init)
 .init          0x10000284        0x4 C:/Users/25000421/.pico-sdk/toolchain/14_2_Rel1/bin/../lib/gcc/arm-none-eabi/14.2.1/thumb/v6-m/nofp/crti.o
                0x10000284                _init
 *(EXCLUDE_FILE(*libm.a: *libc.a:*lib_a-mem*.o *libgcc.a:) .text*)
 .text.register_tm_clones
                0x10000288       0x28 C:/Users/25000421/.pico-sdk/toolchain/14_2_Rel1/bin/../lib/gcc/arm-none-eabi/14.2.1/thumb/v6-m/nofp/crtbegin.o
 .text.frame_dummy
                0x100002b0       0x24 C:/Users/25000421/.pico-sdk/toolchain/14_2_Rel1/bin/../lib/gcc/arm-none-eabi/14.2.1/thumb/v6-m/nofp/crtbegin.o
 .text.i2c_slave_handler
                0x100002d4       0x6c CMakeFiles/pico_i2c_adaptor_user1.dir/pico_i2c_adaptor_user1.c.obj
 .text.process_frame
                0x10000340      0x324 CMakeFiles/pico_i2c_adaptor_user1.dir/pico_i2c_adaptor_user1.c.obj
                0x10000340                process_frame
 .text.startup.main
                0x10000664      0x21c CMakeFiles/pico_i2c_adaptor_user1.dir/pico_i2c_adaptor_user1.c.obj
                0x10000664                main
 .text.i2c_slave_init
                0x10000880       0x48 CMakeFiles/pico_i2c_adaptor_user1.dir/C_/Users/25000421/.pico-sdk/sdk/2.2.0/src/rp2_common/pico_i2c_slave/i2c_slave.c.obj
                0x10000880                i2c_slave_init
 .text.i2c_read_blocking_internal.constprop.0
                0x100008c8       0x98 CMakeFiles/pico_i2c_adaptor_user1.dir/C_/Users/25000421/.pico-sdk/sdk/2.2.0/src/rp2_common/hardware_i2c/i2c.c.obj
 .text.i2c_write_blocking_internal.constprop.0
                0x10000960       0xf8 CMakeFiles/pico_i2c_adaptor_user1.dir/C_/Users/25000421/.pico-sdk/sdk/2.2.0/src/rp2_common/hardware_i2c/i2c.c.obj
 .text.i2c_deinit
                0x10000a58       0x1c CMakeFiles/pico_i2c_adaptor_user1.dir/C_/Users/25000421/.pico-sdk/sdk/2.2.0/src/rp2_common/hardware_i2c/i2c.c.obj
                0x10000a58                i2c_deinit
 .text.i2c_set_baudrate
                0x10000a74       0xc0 CMakeFiles/pico_i2c_adaptor_user1.dir/C_/Users/25000421/.pico-sdk/sdk/2.2.0/src/rp2_common/hardware_i2c/i2c.c.obj
                0x10000a74                i2c_set_baudrate
 .text.i2c_init
                0x10000b34       0x50 CMakeFiles/pico_i2c_adaptor_user1.dir/C_/Users/25000421/.pico-sdk/sdk/2.2.0/src/rp2_common/hardware_i2c/i2c.c.obj
                0x10000b34                i2c_init
 .text.i2c_set_slave_mode
                0x10000b84       0x40 CMakeFiles/pico_i2c_adaptor_user1.dir/C_/Users/25000421/.pico-sdk/sdk/2.2.0/src/rp2_common/hardware_i2c/i2c.c.obj
                0x10000b84                i2c_set_slave_mode
 .text.i2c_write_blocking
                0x10000bc4       0x14 CMakeFiles/pico_i2c_adaptor_user1.dir/C_/Users/25000421/.pico-sdk/sdk/2.2.0/src/rp2_common/hardware_i2c/i2c.c.obj
                0x10000bc4                i2c_write_blocking
 .text.i2c_read_blocking
                0x10000bd8       0x14 CMakeFiles/pico_i2c_adaptor_user1.dir/C_/Users/25000421/.pico-sdk/sdk/2.2.0/src/rp2_common/hardware_i2c/i2c.c.obj
                0x10000bd8                i2c_read_blocking
 .text.rp2040_chip_version
                0x10000bec        0xc CMakeFiles/pico_i2c_adaptor_user1.dir/C_/Users/25000421/.pico-sdk/sdk/2.2.0/src/rp2040/pico_platform/platform.c.obj
                0x10000bec                rp2040_chip_version
 .text.panic    0x10000bf8       0x30 CMakeFiles/pico_i2c_adaptor_user1.dir/C_/Users/25000421/.pico-sdk/sdk/2.2.0/src/rp2_common/pico_platform_panic/panic.c.obj
                0x10000bf8                panic
 .text.hw_claim_or_assert
                0x10000c28       0x44 CMakeFiles/pico_i2c_adaptor_user1.dir/C_/Users/25000421/.pico-sdk/sdk/2.2.0/src/common/hardware_claim/claim.c.obj
                0x10000c28                hw_claim_or_assert
 .text.hw_claim_unused_from_range
                0x10000c6c       0x88 CMakeFiles/pico_i2c_adaptor_user1.dir/C_/Users/25000421/.pico-sdk/sdk/2.2.0/src/common/hardware_claim/claim.c.obj
                0x10000c6c                hw_claim_unused_from_range
 .text.next_striped_spin_lock_num
                0x10000cf4       0x18 CMakeFiles/pico_i2c_adaptor_user1.dir/C_/Users/25000421/.pico-sdk/sdk/2.2.0/src/rp2_common/hardware_sync/sync.c.obj
                0x10000cf4                next_striped_spin_lock_num
 .text.spin_lock_claim_unused
                0x10000d0c       0x24 CMakeFiles/pico_i2c_adaptor_user1.dir/C_/Users/25000421/.pico-sdk/sdk/2.2.0/src/rp2_common/hardware_sync/sync.c.obj
                0x10000d0c                spin_lock_claim_unused
 .text.spin_locks_reset
                0x10000d30       0x1c CMakeFiles/pico_i2c_adaptor_user1.dir/C_/Users/25000421/.pico-sdk/sdk/2.2.0/src/rp2_common/hardware_sync_spin_lock/sync_spin_lock.c.obj
                0x10000d30                spin_locks_reset
 .text.sleep_until_callback
                0x10000d4c       0x30 CMakeFiles/pico_i2c_adaptor_user1.dir/C_/Users/25000421/.pico-sdk/sdk/2.2.0/src/common/pico_time/time.c.obj
 .text.alarm_pool_irq_handler
                0x10000d7c      0x300 CMakeFiles/pico_i2c_adaptor_user1.dir/C_/Users/25000421/.pico-sdk/sdk/2.2.0/src/common/pico_time/time.c.obj
 .text.runtime_init_default_alarm_pool
                0x1000107c       0xdc CMakeFiles/pico_i2c_adaptor_user1.dir/C_/Users/25000421/.pico-sdk/sdk/2.2.0/src/common/pico_time/time.c.obj
                0x1000107c                runtime_init_default_alarm_pool
 .text.alarm_pool_get_default
                0x10001158        0x8 CMakeFiles/pico_i2c_adaptor_user1.dir/C_/Users/25000421/.pico-sdk/sdk/2.2.0/src/common/pico_time/time.c.obj
                0x10001158                alarm_pool_get_default
 .text.alarm_pool_add_alarm_at
                0x10001160       0xd0 CMakeFiles/pico_i2c_adaptor_user1.dir/C_/Users/25000421/.pico-sdk/sdk/2.2.0/src/common/pico_time/time.c.obj
                0x10001160                alarm_pool_add_alarm_at
 .text.alarm_pool_add_alarm_at_force_in_context
                0x10001230       0xb0 CMakeFiles/pico_i2c_adaptor_user1.dir/C_/Users/25000421/.pico-sdk/sdk/2.2.0/src/common/pico_time/time.c.obj
                0x10001230                alarm_pool_add_alarm_at_force_in_context
 .text.alarm_pool_cancel_alarm
                0x100012e0       0x74 CMakeFiles/pico_i2c_adaptor_user1.dir/C_/Users/25000421/.pico-sdk/sdk/2.2.0/src/common/pico_time/time.c.obj
                0x100012e0                alarm_pool_cancel_alarm
 .text.alarm_pool_core_num
                0x10001354        0x4 CMakeFiles/pico_i2c_adaptor_user1.dir/C_/Users/25000421/.pico-sdk/sdk/2.2.0/src/common/pico_time/time.c.obj
                0x10001354                alarm_pool_core_num
 .text.best_effort_wfe_or_timeout
                0x10001358      0x10c CMakeFiles/pico_i2c_adaptor_user1.dir/C_/Users/25000421/.pico-sdk/sdk/2.2.0/src/common/pico_time/time.c.obj
                0x10001358                best_effort_wfe_or_timeout
 .text.timer_hardware_alarm_claim
                0x10001464       0x14 CMakeFiles/pico_i2c_adaptor_user1.dir/C_/Users/25000421/.pico-sdk/sdk/2.2.0/src/rp2_common/hardware_timer/timer.c.obj
                0x10001464                timer_hardware_alarm_claim
 .text.timer_time_us_64
                0x10001478       0x10 CMakeFiles/pico_i2c_adaptor_user1.dir/C_/Users/25000421/.pico-sdk/sdk/2.2.0/src/rp2_common/hardware_timer/timer.c.obj
                0x10001478                timer_time_us_64
 .text.time_us_64
                0x10001488       0x14 CMakeFiles/pico_i2c_adaptor_user1.dir/C_/Users/25000421/.pico-sdk/sdk/2.2.0/src/rp2_common/hardware_timer/timer.c.obj
                0x10001488                time_us_64
 .text.busy_wait_us
                0x1000149c       0x68 CMakeFiles/pico_i2c_adaptor_user1.dir/C_/Users/25000421/.pico-sdk/sdk/2.2.0/src/rp2_common/hardware_timer/timer.c.obj
                0x1000149c                busy_wait_us
 .text.runtime_init_per_core_irq_priorities
                0x10001504       0x24 CMakeFiles/pico_i2c_adaptor_user1.dir/C_/Users/25000421/.pico-sdk/sdk/2.2.0/src/rp2_common/hardware_irq/irq.c.obj
                0x10001504                runtime_init_per_core_irq_priorities
 .text.irq_set_enabled
                0x10001528       0x24 CMakeFiles/pico_i2c_adaptor_user1.dir/C_/Users/25000421/.pico-sdk/sdk/2.2.0/src/rp2_common/hardware_irq/irq.c.obj
                0x10001528                irq_set_enabled
 .text.irq_is_enabled
                0x1000154c       0x18 CMakeFiles/pico_i2c_adaptor_user1.dir/C_/Users/25000421/.pico-sdk/sdk/2.2.0/src/rp2_common/hardware_irq/irq.c.obj
                0x1000154c                irq_is_enabled
 .text.irq_set_pending
                0x10001564       0x10 CMakeFiles/pico_i2c_adaptor_user1.dir/C_/Users/25000421/.pico-sdk/sdk/2.2.0/src/rp2_common/hardware_irq/irq.c.obj
                0x10001564                irq_set_pending
 .text.irq_has_shared_handler
                0x10001574       0x24 CMakeFiles/pico_i2c_adaptor_user1.dir/C_/Users/25000421/.pico-sdk/sdk/2.2.0/src/rp2_common/hardware_irq/irq.c.obj
                0x10001574                irq_has_shared_handler
 .text.irq_set_exclusive_handler
                0x10001598       0x54 CMakeFiles/pico_i2c_adaptor_user1.dir/C_/Users/25000421/.pico-sdk/sdk/2.2.0/src/rp2_common/hardware_irq/irq.c.obj
                0x10001598                irq_set_exclusive_handler
 .text.irq_add_shared_handler
                0x100015ec      0x1f4 CMakeFiles/pico_i2c_adaptor_user1.dir/C_/Users/25000421/.pico-sdk/sdk/2.2.0/src/rp2_common/hardware_irq/irq.c.obj
                0x100015ec                irq_add_shared_handler
 .text.irq_add_tail_to_free_list
                0x100017e0       0xb4 CMakeFiles/pico_i2c_adaptor_user1.dir/C_/Users/25000421/.pico-sdk/sdk/2.2.0/src/rp2_common/hardware_irq/irq.c.obj
                0x100017e0                irq_add_tail_to_free_list
 .text.user_irq_claim_unused
                0x10001894       0x2c CMakeFiles/pico_i2c_adaptor_user1.dir/C_/Users/25000421/.pico-sdk/sdk/2.2.0/src/rp2_common/hardware_irq/irq.c.obj
                0x10001894                user_irq_claim_unused
 .text.lock_init
                0x100018c0       0x10 CMakeFiles/pico_i2c_adaptor_user1.dir/C_/Users/25000421/.pico-sdk/sdk/2.2.0/src/common/pico_sync/lock_core.c.obj
                0x100018c0                lock_init
 .text.runtime_init_mutex
                0x100018d0       0x50 CMakeFiles/pico_i2c_adaptor_user1.dir/C_/Users/25000421/.pico-sdk/sdk/2.2.0/src/common/pico_sync/mutex.c.obj
                0x100018d0                runtime_init_mutex
 .text.mutex_init
                0x10001920       0x1c CMakeFiles/pico_i2c_adaptor_user1.dir/C_/Users/25000421/.pico-sdk/sdk/2.2.0/src/common/pico_sync/mutex.c.obj
                0x10001920                mutex_init
 .text.critical_section_init
                0x1000193c       0x1c CMakeFiles/pico_i2c_adaptor_user1.dir/C_/Users/25000421/.pico-sdk/sdk/2.2.0/src/common/pico_sync/critical_section.c.obj
                0x1000193c                critical_section_init
 .text.critical_section_init_with_lock_num
                0x10001958       0x14 CMakeFiles/pico_i2c_adaptor_user1.dir/C_/Users/25000421/.pico-sdk/sdk/2.2.0/src/common/pico_sync/critical_section.c.obj
                0x10001958                critical_section_init_with_lock_num
 .text.clock_configure_int_divider
                0x1000196c       0xf4 CMakeFiles/pico_i2c_adaptor_user1.dir/C_/Users/25000421/.pico-sdk/sdk/2.2.0/src/rp2_common/hardware_clocks/clocks.c.obj
                0x1000196c                clock_configure_int_divider
 .text.clock_configure_undivided
                0x10001a60       0xe8 CMakeFiles/pico_i2c_adaptor_user1.dir/C_/Users/25000421/.pico-sdk/sdk/2.2.0/src/rp2_common/hardware_clocks/clocks.c.obj
                0x10001a60                clock_configure_undivided
 .text.clock_get_hz
                0x10001b48        0xc CMakeFiles/pico_i2c_adaptor_user1.dir/C_/Users/25000421/.pico-sdk/sdk/2.2.0/src/rp2_common/hardware_clocks/clocks.c.obj
                0x10001b48                clock_get_hz
 .text.gpio_set_function
                0x10001b54       0x34 CMakeFiles/pico_i2c_adaptor_user1.dir/C_/Users/25000421/.pico-sdk/sdk/2.2.0/src/rp2_common/hardware_gpio/gpio.c.obj
                0x10001b54                gpio_set_function
 .text.gpio_set_pulls
                0x10001b88       0x28 CMakeFiles/pico_i2c_adaptor_user1.dir/C_/Users/25000421/.pico-sdk/sdk/2.2.0/src/rp2_common/hardware_gpio/gpio.c.obj
                0x10001b88                gpio_set_pulls
 .text.gpio_init
                0x10001bb0       0x40 CMakeFiles/pico_i2c_adaptor_user1.dir/C_/Users/25000421/.pico-sdk/sdk/2.2.0/src/rp2_common/hardware_gpio/gpio.c.obj
                0x10001bb0                gpio_init
 .text.pll_init
                0x10001bf0       0xa4 CMakeFiles/pico_i2c_adaptor_user1.dir/C_/Users/25000421/.pico-sdk/sdk/2.2.0/src/rp2_common/hardware_pll/pll.c.obj
                0x10001bf0                pll_init
 .text.watchdog_reboot
                0x10001c94       0x9c CMakeFiles/pico_i2c_adaptor_user1.dir/C_/Users/25000421/.pico-sdk/sdk/2.2.0/src/rp2_common/hardware_watchdog/watchdog.c.obj
                0x10001c94                watchdog_reboot
 .text.tick_start
                0x10001d30       0x10 CMakeFiles/pico_i2c_adaptor_user1.dir/C_/Users/25000421/.pico-sdk/sdk/2.2.0/src/rp2_common/hardware_ticks/ticks.c.obj
                0x10001d30                tick_start
 .text.rom_func_lookup
                0x10001d40       0x10 CMakeFiles/pico_i2c_adaptor_user1.dir/C_/Users/25000421/.pico-sdk/sdk/2.2.0/src/rp2_common/pico_bootrom/bootrom.c.obj
                0x10001d40                rom_func_lookup
 .text.rom_data_lookup
                0x10001d50       0x10 CMakeFiles/pico_i2c_adaptor_user1.dir/C_/Users/25000421/.pico-sdk/sdk/2.2.0/src/rp2_common/pico_bootrom/bootrom.c.obj
                0x10001d50                rom_data_lookup
 .text.rom_funcs_lookup
                0x10001d60       0x44 CMakeFiles/pico_i2c_adaptor_user1.dir/C_/Users/25000421/.pico-sdk/sdk/2.2.0/src/rp2_common/pico_bootrom/bootrom.c.obj
                0x10001d60                rom_funcs_lookup
 .text.rom_reset_usb_boot_extra
                0x10001da4       0x24 CMakeFiles/pico_i2c_adaptor_user1.dir/C_/Users/25000421/.pico-sdk/sdk/2.2.0/src/rp2_common/pico_bootrom/bootrom.c.obj
                0x10001da4                rom_reset_usb_boot_extra
 .text.xosc_init
                0x10001dc8       0x28 CMakeFiles/pico_i2c_adaptor_user1.dir/C_/Users/25000421/.pico-sdk/sdk/2.2.0/src/rp2_common/hardware_xosc/xosc.c.obj
                0x10001dc8                xosc_init
 .text.first_per_core_initializer
                0x10001df0        0x4 CMakeFiles/pico_i2c_adaptor_user1.dir/C_/Users/25000421/.pico-sdk/sdk/2.2.0/src/rp2_common/pico_runtime/runtime.c.obj
 .text.hard_assertion_failure
                0x10001df4        0xc CMakeFiles/pico_i2c_adaptor_user1.dir/C_/Users/25000421/.pico-sdk/sdk/2.2.0/src/rp2_common/pico_runtime/runtime.c.obj
                0x10001df4                hard_assertion_failure
 .text.runtime_run_initializers
                0x10001e00       0x28 CMakeFiles/pico_i2c_adaptor_user1.dir/C_/Users/25000421/.pico-sdk/sdk/2.2.0/src/rp2_common/pico_runtime/runtime.c.obj
                0x10001e00                runtime_run_initializers
 .text.runtime_init_early_resets
                0x10001e28       0x2c CMakeFiles/pico_i2c_adaptor_user1.dir/C_/Users/25000421/.pico-sdk/sdk/2.2.0/src/rp2_common/pico_runtime_init/runtime_init.c.obj
                0x10001e28                runtime_init_early_resets
 .text.runtime_init_usb_power_down
                0x10001e54       0x1c CMakeFiles/pico_i2c_adaptor_user1.dir/C_/Users/25000421/.pico-sdk/sdk/2.2.0/src/rp2_common/pico_runtime_init/runtime_init.c.obj
                0x10001e54                runtime_init_usb_power_down
 .text.runtime_init_post_clock_resets
                0x10001e70       0x20 CMakeFiles/pico_i2c_adaptor_user1.dir/C_/Users/25000421/.pico-sdk/sdk/2.2.0/src/rp2_common/pico_runtime_init/runtime_init.c.obj
                0x10001e70                runtime_init_post_clock_resets
 .text.runtime_init_rp2040_gpio_ie_disable
                0x10001e90       0x14 CMakeFiles/pico_i2c_adaptor_user1.dir/C_/Users/25000421/.pico-sdk/sdk/2.2.0/src/rp2_common/pico_runtime_init/runtime_init.c.obj
                0x10001e90                runtime_init_rp2040_gpio_ie_disable
 .text.runtime_init_spin_locks_reset
                0x10001ea4        0x8 CMakeFiles/pico_i2c_adaptor_user1.dir/C_/Users/25000421/.pico-sdk/sdk/2.2.0/src/rp2_common/pico_runtime_init/runtime_init.c.obj
                0x10001ea4                runtime_init_spin_locks_reset
 .text.runtime_init_install_ram_vector_table
                0x10001eac       0xb4 CMakeFiles/pico_i2c_adaptor_user1.dir/C_/Users/25000421/.pico-sdk/sdk/2.2.0/src/rp2_common/pico_runtime_init/runtime_init.c.obj
                0x10001eac                runtime_init_install_ram_vector_table
 .text.runtime_init_clocks
                0x10001f60       0xd8 CMakeFiles/pico_i2c_adaptor_user1.dir/C_/Users/25000421/.pico-sdk/sdk/2.2.0/src/rp2_common/pico_runtime_init/runtime_init_clocks.c.obj
                0x10001f60                runtime_init_clocks
 .text          0x10002038       0x10 CMakeFiles/pico_i2c_adaptor_user1.dir/C_/Users/25000421/.pico-sdk/sdk/2.2.0/src/rp2_common/pico_bit_ops/bit_ops_aeabi.S.obj
 .text.__wrap___aeabi_uidiv
                0x10002048       0x4c CMakeFiles/pico_i2c_adaptor_user1.dir/C_/Users/25000421/.pico-sdk/sdk/2.2.0/src/rp2_common/pico_divider/divider_hardware.S.obj
                0x10002048                __wrap___aeabi_uidiv
                0x10002048                __wrap___aeabi_uidivmod
                0x10002048                div_u32u32
                0x10002048                divmod_u32u32
                0x10002050                divmod_u32u32_unsafe
                0x10002078                divmod_u32u32_savestate
 .text.__aeabi_double_init
                0x10002094       0xa4 CMakeFiles/pico_i2c_adaptor_user1.dir/C_/Users/25000421/.pico-sdk/sdk/2.2.0/src/rp2_common/pico_double/double_init_rom_rp2040.c.obj
                0x10002094                __aeabi_double_init
 .text.double_table_shim_on_use_helper
                0x10002138       0x2c CMakeFiles/pico_i2c_adaptor_user1.dir/C_/Users/25000421/.pico-sdk/sdk/2.2.0/src/rp2_common/pico_double/double_v1_rom_shim_rp2040.S.obj
                0x10002138                double_table_shim_on_use_helper
 .text.__aeabi_lmul
                0x10002164       0x32 CMakeFiles/pico_i2c_adaptor_user1.dir/C_/Users/25000421/.pico-sdk/sdk/2.2.0/src/rp2_common/pico_int64_ops/pico_int64_ops_aeabi.S.obj
                0x10002164                __wrap___aeabi_lmul
 *fill*         0x10002196        0x2 
 .text.__aeabi_float_init
                0x10002198       0x64 CMakeFiles/pico_i2c_adaptor_user1.dir/C_/Users/25000421/.pico-sdk/sdk/2.2.0/src/rp2_common/pico_float/float_init_rom_rp2040.c.obj
                0x10002198                __aeabi_float_init
 .text.float_table_shim_on_use_helper
                0x100021fc       0x2c CMakeFiles/pico_i2c_adaptor_user1.dir/C_/Users/25000421/.pico-sdk/sdk/2.2.0/src/rp2_common/pico_float/float_v1_rom_shim_rp2040.S.obj
                0x100021fc                float_table_shim_on_use_helper
 .text          0x10002228       0x10 CMakeFiles/pico_i2c_adaptor_user1.dir/C_/Users/25000421/.pico-sdk/sdk/2.2.0/src/rp2_common/pico_mem_ops/mem_ops_aeabi.S.obj
                0x10002228                __aeabi_mem_init
 .text.memset   0x10002238        0xc CMakeFiles/pico_i2c_adaptor_user1.dir/C_/Users/25000421/.pico-sdk/sdk/2.2.0/src/rp2_common/pico_mem_ops/mem_ops_aeabi.S.obj
                0x10002238                __wrap_memset
 .text.memcpy   0x10002244        0xc CMakeFiles/pico_i2c_adaptor_user1.dir/C_/Users/25000421/.pico-sdk/sdk/2.2.0/src/rp2_common/pico_mem_ops/mem_ops_aeabi.S.obj
                0x10002244                __wrap_memcpy
                0x10002244                __wrap___aeabi_memcpy
 .text._out_char
                0x10002250       0x10 CMakeFiles/pico_i2c_adaptor_user1.dir/C_/Users/25000421/.pico-sdk/sdk/2.2.0/src/rp2_common/pico_printf/printf.c.obj
 .text.weak_raw_vprintf
                0x10002260       0x30 CMakeFiles/pico_i2c_adaptor_user1.dir/C_/Users/25000421/.pico-sdk/sdk/2.2.0/src/rp2_common/pico_printf/printf.c.obj
                0x10002260                weak_raw_vprintf
 .text._exit    0x10002290        0x4 CMakeFiles/pico_i2c_adaptor_user1.dir/C_/Users/25000421/.pico-sdk/sdk/2.2.0/src/rp2_common/pico_clib_interface/newlib_interface.c.obj
                0x10002290                _exit
 .text.exit     0x10002294        0x8 CMakeFiles/pico_i2c_adaptor_user1.dir/C_/Users/25000421/.pico-sdk/sdk/2.2.0/src/rp2_common/pico_clib_interface/newlib_interface.c.obj
                0x10002294                exit
 .text.runtime_init
                0x1000229c       0x2c CMakeFiles/pico_i2c_adaptor_user1.dir/C_/Users/25000421/.pico-sdk/sdk/2.2.0/src/rp2_common/pico_clib_interface/newlib_interface.c.obj
                0x1000229c                runtime_init
 .text.stdio_out_chars_no_crlf
                0x100022c8       0x10 CMakeFiles/pico_i2c_adaptor_user1.dir/C_/Users/25000421/.pico-sdk/sdk/2.2.0/src/rp2_common/pico_stdio/stdio.c.obj
 .text.stdio_out_chars_crlf
                0x100022d8       0xb0 CMakeFiles/pico_i2c_adaptor_user1.dir/C_/Users/25000421/.pico-sdk/sdk/2.2.0/src/rp2_common/pico_stdio/stdio.c.obj
 .text.stdio_put_string
                0x10002388       0xfc CMakeFiles/pico_i2c_adaptor_user1.dir/C_/Users/25000421/.pico-sdk/sdk/2.2.0/src/rp2_common/pico_stdio/stdio.c.obj
                0x10002388                stdio_put_string
 .text.stdio_putchar_raw
                0x10002484       0x94 CMakeFiles/pico_i2c_adaptor_user1.dir/C_/Users/25000421/.pico-sdk/sdk/2.2.0/src/rp2_common/pico_stdio/stdio.c.obj
                0x10002484                stdio_putchar_raw
 .text.stdio_set_driver_enabled
                0x10002518       0x30 CMakeFiles/pico_i2c_adaptor_user1.dir/C_/Users/25000421/.pico-sdk/sdk/2.2.0/src/rp2_common/pico_stdio/stdio.c.obj
                0x10002518                stdio_set_driver_enabled
 .text.stdio_flush
                0x10002548       0x28 CMakeFiles/pico_i2c_adaptor_user1.dir/C_/Users/25000421/.pico-sdk/sdk/2.2.0/src/rp2_common/pico_stdio/stdio.c.obj
                0x10002548                stdio_flush
 .text.stdio_init_all
                0x10002570        0x8 CMakeFiles/pico_i2c_adaptor_user1.dir/C_/Users/25000421/.pico-sdk/sdk/2.2.0/src/rp2_common/pico_stdio/stdio.c.obj
                0x10002570                stdio_init_all
 .text.stdio_getchar_timeout_us
                0x10002578       0x98 CMakeFiles/pico_i2c_adaptor_user1.dir/C_/Users/25000421/.pico-sdk/sdk/2.2.0/src/rp2_common/pico_stdio/stdio.c.obj
                0x10002578                stdio_getchar_timeout_us
 .text.__wrap_putchar
                0x10002610       0x94 CMakeFiles/pico_i2c_adaptor_user1.dir/C_/Users/25000421/.pico-sdk/sdk/2.2.0/src/rp2_common/pico_stdio/stdio.c.obj
                0x10002610                __wrap_putchar
                0x10002610                stdio_putchar
 .text.__wrap_puts
                0x100026a4       0x3c CMakeFiles/pico_i2c_adaptor_user1.dir/C_/Users/25000421/.pico-sdk/sdk/2.2.0/src/rp2_common/pico_stdio/stdio.c.obj
                0x100026a4                stdio_puts
                0x100026a4                __wrap_puts
 .text.resetd_init
                0x100026e0        0x4 CMakeFiles/pico_i2c_adaptor_user1.dir/C_/Users/25000421/.pico-sdk/sdk/2.2.0/src/rp2_common/pico_stdio_usb/reset_interface.c.obj
 .text.resetd_reset
                0x100026e4        0xc CMakeFiles/pico_i2c_adaptor_user1.dir/C_/Users/25000421/.pico-sdk/sdk/2.2.0/src/rp2_common/pico_stdio_usb/reset_interface.c.obj
 .text.resetd_open
                0x100026f0       0x28 CMakeFiles/pico_i2c_adaptor_user1.dir/C_/Users/25000421/.pico-sdk/sdk/2.2.0/src/rp2_common/pico_stdio_usb/reset_interface.c.obj
 .text.resetd_xfer_cb
                0x10002718        0x4 CMakeFiles/pico_i2c_adaptor_user1.dir/C_/Users/25000421/.pico-sdk/sdk/2.2.0/src/rp2_common/pico_stdio_usb/reset_interface.c.obj
 .text.resetd_control_xfer_cb
                0x1000271c       0x54 CMakeFiles/pico_i2c_adaptor_user1.dir/C_/Users/25000421/.pico-sdk/sdk/2.2.0/src/rp2_common/pico_stdio_usb/reset_interface.c.obj
 .text.tud_descriptor_bos_cb
                0x10002770        0x8 CMakeFiles/pico_i2c_adaptor_user1.dir/C_/Users/25000421/.pico-sdk/sdk/2.2.0/src/rp2_common/pico_stdio_usb/reset_interface.c.obj
                0x10002770                tud_descriptor_bos_cb
 .text.tud_vendor_control_xfer_cb
                0x10002778       0x34 CMakeFiles/pico_i2c_adaptor_user1.dir/C_/Users/25000421/.pico-sdk/sdk/2.2.0/src/rp2_common/pico_stdio_usb/reset_interface.c.obj
                0x10002778                tud_vendor_control_xfer_cb
 .text.usbd_app_driver_get_cb
                0x100027ac        0xc CMakeFiles/pico_i2c_adaptor_user1.dir/C_/Users/25000421/.pico-sdk/sdk/2.2.0/src/rp2_common/pico_stdio_usb/reset_interface.c.obj
                0x100027ac                usbd_app_driver_get_cb
 .text.tud_cdc_line_coding_cb
                0x100027b8       0x2c CMakeFiles/pico_i2c_adaptor_user1.dir/C_/Users/25000421/.pico-sdk/sdk/2.2.0/src/rp2_common/pico_stdio_usb/reset_interface.c.obj
                0x100027b8                tud_cdc_line_coding_cb
 .text.stdio_usb_set_chars_available_callback
                0x100027e4       0x14 CMakeFiles/pico_i2c_adaptor_user1.dir/C_/Users/25000421/.pico-sdk/sdk/2.2.0/src/rp2_common/pico_stdio_usb/stdio_usb.c.obj
                0x100027e4                stdio_usb_set_chars_available_callback
 .text.usb_irq  0x100027f8       0x10 CMakeFiles/pico_i2c_adaptor_user1.dir/C_/Users/25000421/.pico-sdk/sdk/2.2.0/src/rp2_common/pico_stdio_usb/stdio_usb.c.obj
 .text.timer_task
                0x10002808       0x64 CMakeFiles/pico_i2c_adaptor_user1.dir/C_/Users/25000421/.pico-sdk/sdk/2.2.0/src/rp2_common/pico_stdio_usb/stdio_usb.c.obj
 .text.stdio_usb_in_chars
                0x1000286c       0x8c CMakeFiles/pico_i2c_adaptor_user1.dir/C_/Users/25000421/.pico-sdk/sdk/2.2.0/src/rp2_common/pico_stdio_usb/stdio_usb.c.obj
                0x1000286c                stdio_usb_in_chars
 .text.stdio_usb_out_flush
                0x100028f8       0x4c CMakeFiles/pico_i2c_adaptor_user1.dir/C_/Users/25000421/.pico-sdk/sdk/2.2.0/src/rp2_common/pico_stdio_usb/stdio_usb.c.obj
 .text.stdio_usb_out_chars
                0x10002944      0x100 CMakeFiles/pico_i2c_adaptor_user1.dir/C_/Users/25000421/.pico-sdk/sdk/2.2.0/src/rp2_common/pico_stdio_usb/stdio_usb.c.obj
 .text.low_priority_worker_irq
                0x10002a44       0xc8 CMakeFiles/pico_i2c_adaptor_user1.dir/C_/Users/25000421/.pico-sdk/sdk/2.2.0/src/rp2_common/pico_stdio_usb/stdio_usb.c.obj
 .text.stdio_usb_init
                0x10002b0c       0xe8 CMakeFiles/pico_i2c_adaptor_user1.dir/C_/Users/25000421/.pico-sdk/sdk/2.2.0/src/rp2_common/pico_stdio_usb/stdio_usb.c.obj
                0x10002b0c                stdio_usb_init
 .text.tud_descriptor_device_cb
                0x10002bf4        0x8 CMakeFiles/pico_i2c_adaptor_user1.dir/C_/Users/25000421/.pico-sdk/sdk/2.2.0/src/rp2_common/pico_stdio_usb/stdio_usb_descriptors.c.obj
                0x10002bf4                tud_descriptor_device_cb
 .text.tud_descriptor_configuration_cb
                0x10002bfc        0x8 CMakeFiles/pico_i2c_adaptor_user1.dir/C_/Users/25000421/.pico-sdk/sdk/2.2.0/src/rp2_common/pico_stdio_usb/stdio_usb_descriptors.c.obj
                0x10002bfc                tud_descriptor_configuration_cb
 .text.tud_descriptor_string_cb
                0x10002c04       0x78 CMakeFiles/pico_i2c_adaptor_user1.dir/C_/Users/25000421/.pico-sdk/sdk/2.2.0/src/rp2_common/pico_stdio_usb/stdio_usb_descriptors.c.obj
                0x10002c04                tud_descriptor_string_cb
 .text.startup._retrieve_unique_id_on_boot
                0x10002c7c       0x10 CMakeFiles/pico_i2c_adaptor_user1.dir/C_/Users/25000421/.pico-sdk/sdk/2.2.0/src/rp2_common/pico_unique_id/unique_id.c.obj
 .text.pico_get_unique_board_id_string
                0x10002c8c      0x1a8 CMakeFiles/pico_i2c_adaptor_user1.dir/C_/Users/25000421/.pico-sdk/sdk/2.2.0/src/rp2_common/pico_unique_id/unique_id.c.obj
                0x10002c8c                pico_get_unique_board_id_string
 .text.flash_get_unique_id
                0x10002e34       0x3c CMakeFiles/pico_i2c_adaptor_user1.dir/C_/Users/25000421/.pico-sdk/sdk/2.2.0/src/rp2_common/hardware_flash/flash.c.obj
                0x10002e34                flash_get_unique_id
 .text.dcd_init
                0x10002e70       0x90 CMakeFiles/pico_i2c_adaptor_user1.dir/C_/Users/25000421/.pico-sdk/sdk/2.2.0/lib/tinyusb/src/portable/raspberrypi/rp2040/dcd_rp2040.c.obj
                0x10002e70                dcd_init
 .text.dcd_int_enable
                0x10002f00        0xc CMakeFiles/pico_i2c_adaptor_user1.dir/C_/Users/25000421/.pico-sdk/sdk/2.2.0/lib/tinyusb/src/portable/raspberrypi/rp2040/dcd_rp2040.c.obj
                0x10002f00                dcd_int_enable
 .text.dcd_set_address
                0x10002f0c       0x14 CMakeFiles/pico_i2c_adaptor_user1.dir/C_/Users/25000421/.pico-sdk/sdk/2.2.0/lib/tinyusb/src/portable/raspberrypi/rp2040/dcd_rp2040.c.obj
                0x10002f0c                dcd_set_address
 .text.dcd_sof_enable
                0x10002f20       0x1c CMakeFiles/pico_i2c_adaptor_user1.dir/C_/Users/25000421/.pico-sdk/sdk/2.2.0/lib/tinyusb/src/portable/raspberrypi/rp2040/dcd_rp2040.c.obj
                0x10002f20                dcd_sof_enable
 .text.dcd_edpt0_status_complete
                0x10002f3c       0x1c CMakeFiles/pico_i2c_adaptor_user1.dir/C_/Users/25000421/.pico-sdk/sdk/2.2.0/lib/tinyusb/src/portable/raspberrypi/rp2040/dcd_rp2040.c.obj
                0x10002f3c                dcd_edpt0_status_complete
 .text.dcd_edpt_open
                0x10002f58      0x114 CMakeFiles/pico_i2c_adaptor_user1.dir/C_/Users/25000421/.pico-sdk/sdk/2.2.0/lib/tinyusb/src/portable/raspberrypi/rp2040/dcd_rp2040.c.obj
                0x10002f58                dcd_edpt_open
 .text.dcd_edpt_close_all
                0x1000306c        0x8 CMakeFiles/pico_i2c_adaptor_user1.dir/C_/Users/25000421/.pico-sdk/sdk/2.2.0/lib/tinyusb/src/portable/raspberrypi/rp2040/dcd_rp2040.c.obj
                0x1000306c                dcd_edpt_close_all
 .text.dcd_edpt_xfer
                0x10003074       0x24 CMakeFiles/pico_i2c_adaptor_user1.dir/C_/Users/25000421/.pico-sdk/sdk/2.2.0/lib/tinyusb/src/portable/raspberrypi/rp2040/dcd_rp2040.c.obj
                0x10003074                dcd_edpt_xfer
 .text.dcd_edpt_stall
                0x10003098       0x34 CMakeFiles/pico_i2c_adaptor_user1.dir/C_/Users/25000421/.pico-sdk/sdk/2.2.0/lib/tinyusb/src/portable/raspberrypi/rp2040/dcd_rp2040.c.obj
                0x10003098                dcd_edpt_stall
 .text.dcd_edpt_clear_stall
                0x100030cc       0x30 CMakeFiles/pico_i2c_adaptor_user1.dir/C_/Users/25000421/.pico-sdk/sdk/2.2.0/lib/tinyusb/src/portable/raspberrypi/rp2040/dcd_rp2040.c.obj
                0x100030cc                dcd_edpt_clear_stall
 .text.rp2040_usb_init
                0x100030fc       0x40 CMakeFiles/pico_i2c_adaptor_user1.dir/C_/Users/25000421/.pico-sdk/sdk/2.2.0/lib/tinyusb/src/portable/raspberrypi/rp2040/rp2040_usb.c.obj
                0x100030fc                rp2040_usb_init
 .text.hw_endpoint_xfer_start
                0x1000313c       0x40 CMakeFiles/pico_i2c_adaptor_user1.dir/C_/Users/25000421/.pico-sdk/sdk/2.2.0/lib/tinyusb/src/portable/raspberrypi/rp2040/rp2040_usb.c.obj
                0x1000313c                hw_endpoint_xfer_start
 .text.configuration_reset
                0x1000317c       0x94 CMakeFiles/pico_i2c_adaptor_user1.dir/C_/Users/25000421/.pico-sdk/sdk/2.2.0/lib/tinyusb/src/device/usbd.c.obj
 .text.tud_event_hook_cb
                0x10003210        0x4 CMakeFiles/pico_i2c_adaptor_user1.dir/C_/Users/25000421/.pico-sdk/sdk/2.2.0/lib/tinyusb/src/device/usbd.c.obj
                0x10003210                tud_event_hook_cb
 .text.tud_sof_cb
                0x10003214        0x4 CMakeFiles/pico_i2c_adaptor_user1.dir/C_/Users/25000421/.pico-sdk/sdk/2.2.0/lib/tinyusb/src/device/usbd.c.obj
                0x10003214                tud_sof_cb
 .text.tud_descriptor_device_qualifier_cb
                0x10003218        0x4 CMakeFiles/pico_i2c_adaptor_user1.dir/C_/Users/25000421/.pico-sdk/sdk/2.2.0/lib/tinyusb/src/device/usbd.c.obj
                0x10003218                tud_descriptor_device_qualifier_cb
 .text.tud_descriptor_other_speed_configuration_cb
                0x1000321c        0x4 CMakeFiles/pico_i2c_adaptor_user1.dir/C_/Users/25000421/.pico-sdk/sdk/2.2.0/lib/tinyusb/src/device/usbd.c.obj
                0x1000321c                tud_descriptor_other_speed_configuration_cb
 .text.tud_mount_cb
                0x10003220        0x4 CMakeFiles/pico_i2c_adaptor_user1.dir/C_/Users/25000421/.pico-sdk/sdk/2.2.0/lib/tinyusb/src/device/usbd.c.obj
                0x10003220                tud_mount_cb
 .text.tud_umount_cb
                0x10003224        0x4 CMakeFiles/pico_i2c_adaptor_user1.dir/C_/Users/25000421/.pico-sdk/sdk/2.2.0/lib/tinyusb/src/device/usbd.c.obj
                0x10003224                tud_umount_cb
 .text.tud_suspend_cb
                0x10003228        0x4 CMakeFiles/pico_i2c_adaptor_user1.dir/C_/Users/25000421/.pico-sdk/sdk/2.2.0/lib/tinyusb/src/device/usbd.c.obj
                0x10003228                tud_suspend_cb
 .text.tud_resume_cb
                0x1000322c        0x4 CMakeFiles/pico_i2c_adaptor_user1.dir/C_/Users/25000421/.pico-sdk/sdk/2.2.0/lib/tinyusb/src/device/usbd.c.obj
                0x1000322c                tud_resume_cb
 .text.tud_mounted
                0x10003230       0x10 CMakeFiles/pico_i2c_adaptor_user1.dir/C_/Users/25000421/.pico-sdk/sdk/2.2.0/lib/tinyusb/src/device/usbd.c.obj
                0x10003230                tud_mounted
 .text.tud_suspended
                0x10003240       0x10 CMakeFiles/pico_i2c_adaptor_user1.dir/C_/Users/25000421/.pico-sdk/sdk/2.2.0/lib/tinyusb/src/device/usbd.c.obj
                0x10003240                tud_suspended
 .text.tud_rhport_init
                0x10003250      0x110 CMakeFiles/pico_i2c_adaptor_user1.dir/C_/Users/25000421/.pico-sdk/sdk/2.2.0/lib/tinyusb/src/device/usbd.c.obj
                0x10003250                tud_rhport_init
 .text.tud_task_ext
                0x10003360      0x680 CMakeFiles/pico_i2c_adaptor_user1.dir/C_/Users/25000421/.pico-sdk/sdk/2.2.0/lib/tinyusb/src/device/usbd.c.obj
                0x10003360                tud_task_ext
 .text.usbd_edpt_open
                0x100039e0       0x2c CMakeFiles/pico_i2c_adaptor_user1.dir/C_/Users/25000421/.pico-sdk/sdk/2.2.0/lib/tinyusb/src/device/usbd.c.obj
                0x100039e0                usbd_edpt_open
 .text.usbd_edpt_claim
                0x10003a0c       0x28 CMakeFiles/pico_i2c_adaptor_user1.dir/C_/Users/25000421/.pico-sdk/sdk/2.2.0/lib/tinyusb/src/device/usbd.c.obj
                0x10003a0c                usbd_edpt_claim
 .text.usbd_edpt_release
                0x10003a34       0x28 CMakeFiles/pico_i2c_adaptor_user1.dir/C_/Users/25000421/.pico-sdk/sdk/2.2.0/lib/tinyusb/src/device/usbd.c.obj
                0x10003a34                usbd_edpt_release
 .text.usbd_edpt_xfer
                0x10003a5c       0x4c CMakeFiles/pico_i2c_adaptor_user1.dir/C_/Users/25000421/.pico-sdk/sdk/2.2.0/lib/tinyusb/src/device/usbd.c.obj
                0x10003a5c                usbd_edpt_xfer
 .text.usbd_edpt_busy
                0x10003aa8       0x1c CMakeFiles/pico_i2c_adaptor_user1.dir/C_/Users/25000421/.pico-sdk/sdk/2.2.0/lib/tinyusb/src/device/usbd.c.obj
                0x10003aa8                usbd_edpt_busy
 .text.tud_control_status
                0x10003ac4       0x2c CMakeFiles/pico_i2c_adaptor_user1.dir/C_/Users/25000421/.pico-sdk/sdk/2.2.0/lib/tinyusb/src/device/usbd_control.c.obj
                0x10003ac4                tud_control_status
 .text.tud_control_xfer
                0x10003af0       0xa8 CMakeFiles/pico_i2c_adaptor_user1.dir/C_/Users/25000421/.pico-sdk/sdk/2.2.0/lib/tinyusb/src/device/usbd_control.c.obj
                0x10003af0                tud_control_xfer
 .text.usbd_control_reset
                0x10003b98       0x14 CMakeFiles/pico_i2c_adaptor_user1.dir/C_/Users/25000421/.pico-sdk/sdk/2.2.0/lib/tinyusb/src/device/usbd_control.c.obj
                0x10003b98                usbd_control_reset
 .text.usbd_control_set_complete_callback
                0x10003bac        0xc CMakeFiles/pico_i2c_adaptor_user1.dir/C_/Users/25000421/.pico-sdk/sdk/2.2.0/lib/tinyusb/src/device/usbd_control.c.obj
                0x10003bac                usbd_control_set_complete_callback
 .text.usbd_control_set_request
                0x10003bb8       0x1c CMakeFiles/pico_i2c_adaptor_user1.dir/C_/Users/25000421/.pico-sdk/sdk/2.2.0/lib/tinyusb/src/device/usbd_control.c.obj
                0x10003bb8                usbd_control_set_request
 .text.usbd_control_xfer_cb
                0x10003bd4       0xec CMakeFiles/pico_i2c_adaptor_user1.dir/C_/Users/25000421/.pico-sdk/sdk/2.2.0/lib/tinyusb/src/device/usbd_control.c.obj
                0x10003bd4                usbd_control_xfer_cb
 .text.tud_cdc_rx_cb
                0x10003cc0        0x4 CMakeFiles/pico_i2c_adaptor_user1.dir/C_/Users/25000421/.pico-sdk/sdk/2.2.0/lib/tinyusb/src/class/cdc/cdc_device.c.obj
                0x10003cc0                tud_cdc_rx_cb
 .text.tud_cdc_rx_wanted_cb
                0x10003cc4        0x4 CMakeFiles/pico_i2c_adaptor_user1.dir/C_/Users/25000421/.pico-sdk/sdk/2.2.0/lib/tinyusb/src/class/cdc/cdc_device.c.obj
                0x10003cc4                tud_cdc_rx_wanted_cb
 .text.tud_cdc_tx_complete_cb
                0x10003cc8        0x4 CMakeFiles/pico_i2c_adaptor_user1.dir/C_/Users/25000421/.pico-sdk/sdk/2.2.0/lib/tinyusb/src/class/cdc/cdc_device.c.obj
                0x10003cc8                tud_cdc_tx_complete_cb
 .text.tud_cdc_notify_complete_cb
                0x10003ccc        0x4 CMakeFiles/pico_i2c_adaptor_user1.dir/C_/Users/25000421/.pico-sdk/sdk/2.2.0/lib/tinyusb/src/class/cdc/cdc_device.c.obj
                0x10003ccc                tud_cdc_notify_complete_cb
 .text.tud_cdc_line_state_cb
                0x10003cd0        0x4 CMakeFiles/pico_i2c_adaptor_user1.dir/C_/Users/25000421/.pico-sdk/sdk/2.2.0/lib/tinyusb/src/class/cdc/cdc_device.c.obj
                0x10003cd0                tud_cdc_line_state_cb
 .text.tud_cdc_send_break_cb
                0x10003cd4        0x4 CMakeFiles/pico_i2c_adaptor_user1.dir/C_/Users/25000421/.pico-sdk/sdk/2.2.0/lib/tinyusb/src/class/cdc/cdc_device.c.obj
                0x10003cd4                tud_cdc_send_break_cb
 .text.tud_cdc_n_connected
                0x10003cd8       0x2c CMakeFiles/pico_i2c_adaptor_user1.dir/C_/Users/25000421/.pico-sdk/sdk/2.2.0/lib/tinyusb/src/class/cdc/cdc_device.c.obj
                0x10003cd8                tud_cdc_n_connected
 .text.tud_cdc_n_available
                0x10003d04       0x18 CMakeFiles/pico_i2c_adaptor_user1.dir/C_/Users/25000421/.pico-sdk/sdk/2.2.0/lib/tinyusb/src/class/cdc/cdc_device.c.obj
                0x10003d04                tud_cdc_n_available
 .text.tud_cdc_n_read
                0x10003d1c       0x24 CMakeFiles/pico_i2c_adaptor_user1.dir/C_/Users/25000421/.pico-sdk/sdk/2.2.0/lib/tinyusb/src/class/cdc/cdc_device.c.obj
                0x10003d1c                tud_cdc_n_read
 .text.tud_cdc_n_write
                0x10003d40       0x24 CMakeFiles/pico_i2c_adaptor_user1.dir/C_/Users/25000421/.pico-sdk/sdk/2.2.0/lib/tinyusb/src/class/cdc/cdc_device.c.obj
                0x10003d40                tud_cdc_n_write
 .text.tud_cdc_n_write_flush
                0x10003d64       0x1c CMakeFiles/pico_i2c_adaptor_user1.dir/C_/Users/25000421/.pico-sdk/sdk/2.2.0/lib/tinyusb/src/class/cdc/cdc_device.c.obj
                0x10003d64                tud_cdc_n_write_flush
 .text.tud_cdc_n_write_available
                0x10003d80       0x1c CMakeFiles/pico_i2c_adaptor_user1.dir/C_/Users/25000421/.pico-sdk/sdk/2.2.0/lib/tinyusb/src/class/cdc/cdc_device.c.obj
                0x10003d80                tud_cdc_n_write_available
 .text.cdcd_init
                0x10003d9c       0x6c CMakeFiles/pico_i2c_adaptor_user1.dir/C_/Users/25000421/.pico-sdk/sdk/2.2.0/lib/tinyusb/src/class/cdc/cdc_device.c.obj
                0x10003d9c                cdcd_init
 .text.cdcd_deinit
                0x10003e08       0x1c CMakeFiles/pico_i2c_adaptor_user1.dir/C_/Users/25000421/.pico-sdk/sdk/2.2.0/lib/tinyusb/src/class/cdc/cdc_device.c.obj
                0x10003e08                cdcd_deinit
 .text.cdcd_reset
                0x10003e24       0x28 CMakeFiles/pico_i2c_adaptor_user1.dir/C_/Users/25000421/.pico-sdk/sdk/2.2.0/lib/tinyusb/src/class/cdc/cdc_device.c.obj
                0x10003e24                cdcd_reset
 .text.cdcd_open
                0x10003e4c      0x18c CMakeFiles/pico_i2c_adaptor_user1.dir/C_/Users/25000421/.pico-sdk/sdk/2.2.0/lib/tinyusb/src/class/cdc/cdc_device.c.obj
                0x10003e4c                cdcd_open
 .text.cdcd_control_xfer_cb
                0x10003fd8       0xe4 CMakeFiles/pico_i2c_adaptor_user1.dir/C_/Users/25000421/.pico-sdk/sdk/2.2.0/lib/tinyusb/src/class/cdc/cdc_device.c.obj
                0x10003fd8                cdcd_control_xfer_cb
 .text.cdcd_xfer_cb
                0x100040bc       0xec CMakeFiles/pico_i2c_adaptor_user1.dir/C_/Users/25000421/.pico-sdk/sdk/2.2.0/lib/tinyusb/src/class/cdc/cdc_device.c.obj
                0x100040bc                cdcd_xfer_cb
 .text.tud_vendor_rx_cb
                0x100041a8        0x4 CMakeFiles/pico_i2c_adaptor_user1.dir/C_/Users/25000421/.pico-sdk/sdk/2.2.0/lib/tinyusb/src/class/vendor/vendor_device.c.obj
                0x100041a8                tud_vendor_rx_cb
 .text.tud_vendor_tx_cb
                0x100041ac        0x4 CMakeFiles/pico_i2c_adaptor_user1.dir/C_/Users/25000421/.pico-sdk/sdk/2.2.0/lib/tinyusb/src/class/vendor/vendor_device.c.obj
                0x100041ac                tud_vendor_tx_cb
 .text.vendord_init
                0x100041b0       0x5c CMakeFiles/pico_i2c_adaptor_user1.dir/C_/Users/25000421/.pico-sdk/sdk/2.2.0/lib/tinyusb/src/class/vendor/vendor_device.c.obj
                0x100041b0                vendord_init
 .text.vendord_deinit
                0x1000420c       0x1c CMakeFiles/pico_i2c_adaptor_user1.dir/C_/Users/25000421/.pico-sdk/sdk/2.2.0/lib/tinyusb/src/class/vendor/vendor_device.c.obj
                0x1000420c                vendord_deinit
 .text.vendord_reset
                0x10004228       0x28 CMakeFiles/pico_i2c_adaptor_user1.dir/C_/Users/25000421/.pico-sdk/sdk/2.2.0/lib/tinyusb/src/class/vendor/vendor_device.c.obj
                0x10004228                vendord_reset
 .text.vendord_open
                0x10004250      0x114 CMakeFiles/pico_i2c_adaptor_user1.dir/C_/Users/25000421/.pico-sdk/sdk/2.2.0/lib/tinyusb/src/class/vendor/vendor_device.c.obj
                0x10004250                vendord_open
 .text.vendord_xfer_cb
                0x10004364       0x88 CMakeFiles/pico_i2c_adaptor_user1.dir/C_/Users/25000421/.pico-sdk/sdk/2.2.0/lib/tinyusb/src/class/vendor/vendor_device.c.obj
                0x10004364                vendord_xfer_cb
 .text.tusb_rhport_init
                0x100043ec       0x4c CMakeFiles/pico_i2c_adaptor_user1.dir/C_/Users/25000421/.pico-sdk/sdk/2.2.0/lib/tinyusb/src/tusb.c.obj
                0x100043ec                tusb_rhport_init
 .text.tu_edpt_claim
                0x10004438       0x50 CMakeFiles/pico_i2c_adaptor_user1.dir/C_/Users/25000421/.pico-sdk/sdk/2.2.0/lib/tinyusb/src/tusb.c.obj
                0x10004438                tu_edpt_claim
 .text.tu_edpt_release
                0x10004488       0x38 CMakeFiles/pico_i2c_adaptor_user1.dir/C_/Users/25000421/.pico-sdk/sdk/2.2.0/lib/tinyusb/src/tusb.c.obj
                0x10004488                tu_edpt_release
 .text.tu_edpt_validate
                0x100044c0       0xb8 CMakeFiles/pico_i2c_adaptor_user1.dir/C_/Users/25000421/.pico-sdk/sdk/2.2.0/lib/tinyusb/src/tusb.c.obj
                0x100044c0                tu_edpt_validate
 .text.tu_edpt_bind_driver
                0x10004578       0x34 CMakeFiles/pico_i2c_adaptor_user1.dir/C_/Users/25000421/.pico-sdk/sdk/2.2.0/lib/tinyusb/src/tusb.c.obj
                0x10004578                tu_edpt_bind_driver
 .text.tu_edpt_stream_init
                0x100045ac       0x6c CMakeFiles/pico_i2c_adaptor_user1.dir/C_/Users/25000421/.pico-sdk/sdk/2.2.0/lib/tinyusb/src/tusb.c.obj
                0x100045ac                tu_edpt_stream_init
 .text.tu_edpt_stream_deinit
                0x10004618        0x4 CMakeFiles/pico_i2c_adaptor_user1.dir/C_/Users/25000421/.pico-sdk/sdk/2.2.0/lib/tinyusb/src/tusb.c.obj
                0x10004618                tu_edpt_stream_deinit
 .text.tu_edpt_stream_write_zlp_if_needed
                0x1000461c       0x60 CMakeFiles/pico_i2c_adaptor_user1.dir/C_/Users/25000421/.pico-sdk/sdk/2.2.0/lib/tinyusb/src/tusb.c.obj
                0x1000461c                tu_edpt_stream_write_zlp_if_needed
 .text.tu_edpt_stream_write_xfer
                0x1000467c       0x68 CMakeFiles/pico_i2c_adaptor_user1.dir/C_/Users/25000421/.pico-sdk/sdk/2.2.0/lib/tinyusb/src/tusb.c.obj
                0x1000467c                tu_edpt_stream_write_xfer
 .text.tu_edpt_stream_write
                0x100046e4       0xac CMakeFiles/pico_i2c_adaptor_user1.dir/C_/Users/25000421/.pico-sdk/sdk/2.2.0/lib/tinyusb/src/tusb.c.obj
                0x100046e4                tu_edpt_stream_write
 .text.tu_edpt_stream_write_available
                0x10004790       0x2c CMakeFiles/pico_i2c_adaptor_user1.dir/C_/Users/25000421/.pico-sdk/sdk/2.2.0/lib/tinyusb/src/tusb.c.obj
                0x10004790                tu_edpt_stream_write_available
 .text.tu_edpt_stream_read_xfer
                0x100047bc       0xd8 CMakeFiles/pico_i2c_adaptor_user1.dir/C_/Users/25000421/.pico-sdk/sdk/2.2.0/lib/tinyusb/src/tusb.c.obj
                0x100047bc                tu_edpt_stream_read_xfer
 .text.tu_edpt_stream_read
                0x10004894       0xdc CMakeFiles/pico_i2c_adaptor_user1.dir/C_/Users/25000421/.pico-sdk/sdk/2.2.0/lib/tinyusb/src/tusb.c.obj
                0x10004894                tu_edpt_stream_read
 .text.tu_fifo_config
                0x10004970       0x6c CMakeFiles/pico_i2c_adaptor_user1.dir/C_/Users/25000421/.pico-sdk/sdk/2.2.0/lib/tinyusb/src/common/tusb_fifo.c.obj
                0x10004970                tu_fifo_config
 .text.tu_fifo_count
                0x100049dc       0x2c CMakeFiles/pico_i2c_adaptor_user1.dir/C_/Users/25000421/.pico-sdk/sdk/2.2.0/lib/tinyusb/src/common/tusb_fifo.c.obj
                0x100049dc                tu_fifo_count
 .text.tu_fifo_remaining
                0x10004a08       0x2c CMakeFiles/pico_i2c_adaptor_user1.dir/C_/Users/25000421/.pico-sdk/sdk/2.2.0/lib/tinyusb/src/common/tusb_fifo.c.obj
                0x10004a08                tu_fifo_remaining
 .text.tu_fifo_read
                0x10004a34       0x9c CMakeFiles/pico_i2c_adaptor_user1.dir/C_/Users/25000421/.pico-sdk/sdk/2.2.0/lib/tinyusb/src/common/tusb_fifo.c.obj
                0x10004a34                tu_fifo_read
 .text.tu_fifo_read_n
                0x10004ad0       0xe8 CMakeFiles/pico_i2c_adaptor_user1.dir/C_/Users/25000421/.pico-sdk/sdk/2.2.0/lib/tinyusb/src/common/tusb_fifo.c.obj
                0x10004ad0                tu_fifo_read_n
 .text.tu_fifo_write
                0x10004bb8       0xa4 CMakeFiles/pico_i2c_adaptor_user1.dir/C_/Users/25000421/.pico-sdk/sdk/2.2.0/lib/tinyusb/src/common/tusb_fifo.c.obj
                0x10004bb8                tu_fifo_write
 .text.tu_fifo_write_n
                0x10004c5c      0x178 CMakeFiles/pico_i2c_adaptor_user1.dir/C_/Users/25000421/.pico-sdk/sdk/2.2.0/lib/tinyusb/src/common/tusb_fifo.c.obj
                0x10004c5c                tu_fifo_write_n
 .text.tu_fifo_clear
                0x10004dd4       0x40 CMakeFiles/pico_i2c_adaptor_user1.dir/C_/Users/25000421/.pico-sdk/sdk/2.2.0/lib/tinyusb/src/common/tusb_fifo.c.obj
                0x10004dd4                tu_fifo_clear
 .text.tu_fifo_set_overwritable
                0x10004e14       0x50 CMakeFiles/pico_i2c_adaptor_user1.dir/C_/Users/25000421/.pico-sdk/sdk/2.2.0/lib/tinyusb/src/common/tusb_fifo.c.obj
                0x10004e14                tu_fifo_set_overwritable
 .text.strlen   0x10004e64       0x5c C:/Users/25000421/.pico-sdk/toolchain/14_2_Rel1/bin/../lib/gcc/arm-none-eabi/14.2.1/thumb/v6-m/nofp\libg.a(libc_a-strlen-stub.o)
                0x10004e64                strlen
 *(.fini)
 .fini          0x10004ec0        0x4 C:/Users/25000421/.pico-sdk/toolchain/14_2_Rel1/bin/../lib/gcc/arm-none-eabi/14.2.1/thumb/v6-m/nofp/crti.o
                0x10004ec0                _fini
 *fill*         0x10004ec4        0x4 
 .fini.__stub   0x10004ec8       0xb0 linker stubs
 *crtbegin.o(.ctors)
 *crtbegin?.o(.ctors)
 *(EXCLUDE_FILE(*crtend.o *crtend?.o) .ctors)
 *(SORT_BY_NAME(.ctors.*))
 *(.ctors)
 *crtbegin.o(.dtors)
 *crtbegin?.o(.dtors)
 *(EXCLUDE_FILE(*crtend.o *crtend?.o) .dtors)
 *(SORT_BY_NAME(.dtors.*))
 *(.dtors)
                0x10004f78                        . = ALIGN (0x4)
                0x10004f78                        PROVIDE (__preinit_array_start = .)
 *(SORT_BY_NAME(.preinit_array.*))
 .preinit_array.00100
                0x10004f78        0x4 CMakeFiles/pico_i2c_adaptor_user1.dir/C_/Users/25000421/.pico-sdk/sdk/2.2.0/src/rp2_common/pico_runtime_init/runtime_init.c.obj
                0x10004f78                __pre_init_runtime_init_early_resets
 .preinit_array.00101
                0x10004f7c        0x4 CMakeFiles/pico_i2c_adaptor_user1.dir/C_/Users/25000421/.pico-sdk/sdk/2.2.0/src/rp2_common/pico_runtime_init/runtime_init.c.obj
                0x10004f7c                __pre_init_runtime_init_usb_power_down
 .preinit_array.00275
                0x10004f80        0x4 CMakeFiles/pico_i2c_adaptor_user1.dir/C_/Users/25000421/.pico-sdk/sdk/2.2.0/src/rp2_common/pico_bit_ops/bit_ops_aeabi.S.obj
 .preinit_array.00300
                0x10004f84        0x4 CMakeFiles/pico_i2c_adaptor_user1.dir/C_/Users/25000421/.pico-sdk/sdk/2.2.0/src/rp2_common/pico_mem_ops/mem_ops_aeabi.S.obj
 .preinit_array.00350
                0x10004f88        0x4 CMakeFiles/pico_i2c_adaptor_user1.dir/C_/Users/25000421/.pico-sdk/sdk/2.2.0/src/rp2_common/pico_double/double_aeabi_rp2040.S.obj
 .preinit_array.00350
                0x10004f8c        0x4 CMakeFiles/pico_i2c_adaptor_user1.dir/C_/Users/25000421/.pico-sdk/sdk/2.2.0/src/rp2_common/pico_float/float_aeabi_rp2040.S.obj
 .preinit_array.00500
                0x10004f90        0x4 CMakeFiles/pico_i2c_adaptor_user1.dir/C_/Users/25000421/.pico-sdk/sdk/2.2.0/src/rp2_common/pico_runtime_init/runtime_init.c.obj
                0x10004f90                __pre_init_runtime_init_clocks
 .preinit_array.00600
                0x10004f94        0x4 CMakeFiles/pico_i2c_adaptor_user1.dir/C_/Users/25000421/.pico-sdk/sdk/2.2.0/src/rp2_common/pico_runtime_init/runtime_init.c.obj
                0x10004f94                __pre_init_runtime_init_post_clock_resets
 .preinit_array.00700
                0x10004f98        0x4 CMakeFiles/pico_i2c_adaptor_user1.dir/C_/Users/25000421/.pico-sdk/sdk/2.2.0/src/rp2_common/pico_runtime_init/runtime_init.c.obj
                0x10004f98                __pre_init_runtime_init_rp2040_gpio_ie_disable
 .preinit_array.01000
                0x10004f9c        0x4 CMakeFiles/pico_i2c_adaptor_user1.dir/C_/Users/25000421/.pico-sdk/sdk/2.2.0/src/rp2_common/pico_runtime_init/runtime_init.c.obj
                0x10004f9c                __pre_init_runtime_init_spin_locks_reset
 .preinit_array.01100
                0x10004fa0        0x4 CMakeFiles/pico_i2c_adaptor_user1.dir/C_/Users/25000421/.pico-sdk/sdk/2.2.0/src/common/pico_sync/mutex.c.obj
                0x10004fa0                __pre_init_runtime_init_mutex
 .preinit_array.10080
                0x10004fa4        0x4 CMakeFiles/pico_i2c_adaptor_user1.dir/C_/Users/25000421/.pico-sdk/sdk/2.2.0/src/rp2_common/pico_runtime_init/runtime_init.c.obj
                0x10004fa4                __pre_init_runtime_init_install_ram_vector_table
 .preinit_array.11000
                0x10004fa8        0x4 CMakeFiles/pico_i2c_adaptor_user1.dir/C_/Users/25000421/.pico-sdk/sdk/2.2.0/src/common/pico_time/time.c.obj
                0x10004fa8                __pre_init_runtime_init_default_alarm_pool
 .preinit_array.YYYYY
                0x10004fac        0x4 CMakeFiles/pico_i2c_adaptor_user1.dir/C_/Users/25000421/.pico-sdk/sdk/2.2.0/src/rp2_common/pico_runtime/runtime.c.obj
                0x10004fac                __pre_init_first_per_core_initializer
 .preinit_array.ZZZZZ.01200
                0x10004fb0        0x4 CMakeFiles/pico_i2c_adaptor_user1.dir/C_/Users/25000421/.pico-sdk/sdk/2.2.0/src/rp2_common/hardware_irq/irq.c.obj
                0x10004fb0                __pre_init_runtime_init_per_core_irq_priorities
 *(.preinit_array)
                0x10004fb4                        PROVIDE (__preinit_array_end = .)
                0x10004fb4                        . = ALIGN (0x4)
                0x10004fb4                        PROVIDE (__init_array_start = .)
 *(SORT_BY_NAME(.init_array.*))
 .init_array.01000
                0x10004fb4        0x4 CMakeFiles/pico_i2c_adaptor_user1.dir/C_/Users/25000421/.pico-sdk/sdk/2.2.0/src/rp2_common/pico_unique_id/unique_id.c.obj
 *(.init_array)
 .init_array    0x10004fb8        0x4 C:/Users/25000421/.pico-sdk/toolchain/14_2_Rel1/bin/../lib/gcc/arm-none-eabi/14.2.1/thumb/v6-m/nofp/crtbegin.o
                0x10004fbc                        PROVIDE (__init_array_end = .)
                0x10004fbc                        . = ALIGN (0x4)
                [!provide]                        PROVIDE (__fini_array_start = .)
 *(SORT_BY_NAME(.fini_array.*))
 *(.fini_array)
                [!provide]                        PROVIDE (__fini_array_end = .)
 *(.eh_frame*)
 .eh_frame      0x10004fbc        0x0 C:/Users/25000421/.pico-sdk/toolchain/14_2_Rel1/bin/../lib/gcc/arm-none-eabi/14.2.1/thumb/v6-m/nofp/crtbegin.o
                0x10004fbc                        . = ALIGN (0x4)

.glue_7         0x10004fbc        0x0
 .glue_7        0x10004fbc        0x0 linker stubs

.glue_7t        0x10004fbc        0x0
 .glue_7t       0x10004fbc        0x0 linker stubs

.vfp11_veneer   0x10004fbc        0x0
 .vfp11_veneer  0x10004fbc        0x0 linker stubs

.v4_bx          0x10004fbc        0x0
 .v4_bx         0x10004fbc        0x0 linker stubs

.iplt           0x10004fbc        0x0
 .iplt          0x10004fbc        0x0 C:/Users/25000421/.pico-sdk/toolchain/14_2_Rel1/bin/../lib/gcc/arm-none-eabi/14.2.1/thumb/v6-m/nofp/crtbegin.o

.rodata         0x10004fbc      0x48c
 *(EXCLUDE_FILE(*libm.a: *libc.a:*lib_a-mem*.o *libgcc.a:) .rodata*)
 .rodata.process_frame.str1.4
                0x10004fbc      0x180 CMakeFiles/pico_i2c_adaptor_user1.dir/pico_i2c_adaptor_user1.c.obj
                                 0x16 (size before relaxing)
 .rodata.process_frame
                0x1000513c       0x1c CMakeFiles/pico_i2c_adaptor_user1.dir/pico_i2c_adaptor_user1.c.obj
 .rodata.main   0x10005158       0x1c CMakeFiles/pico_i2c_adaptor_user1.dir/pico_i2c_adaptor_user1.c.obj
 .rodata.panic.str1.4
                0x10005174       0x12 CMakeFiles/pico_i2c_adaptor_user1.dir/C_/Users/25000421/.pico-sdk/sdk/2.2.0/src/rp2_common/pico_platform_panic/panic.c.obj
 .rodata.spin_lock_claim_unused.str1.4
                0x10005174       0x1b CMakeFiles/pico_i2c_adaptor_user1.dir/C_/Users/25000421/.pico-sdk/sdk/2.2.0/src/rp2_common/hardware_sync/sync.c.obj
 .rodata.timer_hardware_alarm_claim.str1.4
                0x10005174       0x22 CMakeFiles/pico_i2c_adaptor_user1.dir/C_/Users/25000421/.pico-sdk/sdk/2.2.0/src/rp2_common/hardware_timer/timer.c.obj
 .rodata.user_irq_claim_unused.str1.4
                0x10005174       0x1b CMakeFiles/pico_i2c_adaptor_user1.dir/C_/Users/25000421/.pico-sdk/sdk/2.2.0/src/rp2_common/hardware_irq/irq.c.obj
 .rodata.hard_assertion_failure.str1.4
                0x10005174        0xc CMakeFiles/pico_i2c_adaptor_user1.dir/C_/Users/25000421/.pico-sdk/sdk/2.2.0/src/rp2_common/pico_runtime/runtime.c.obj
 .rodata.str1.4
                0x10005174       0x50 CMakeFiles/pico_i2c_adaptor_user1.dir/C_/Users/25000421/.pico-sdk/sdk/2.2.0/src/rp2_common/pico_standard_binary_info/standard_binary_info.c.obj
 .rodata.__bi_84
                0x10005174        0xc CMakeFiles/pico_i2c_adaptor_user1.dir/C_/Users/25000421/.pico-sdk/sdk/2.2.0/src/rp2_common/pico_standard_binary_info/standard_binary_info.c.obj
 .rodata.__bi_78
                0x10005180        0xc CMakeFiles/pico_i2c_adaptor_user1.dir/C_/Users/25000421/.pico-sdk/sdk/2.2.0/src/rp2_common/pico_standard_binary_info/standard_binary_info.c.obj
 .rodata.__bi_60
                0x1000518c        0xc CMakeFiles/pico_i2c_adaptor_user1.dir/C_/Users/25000421/.pico-sdk/sdk/2.2.0/src/rp2_common/pico_standard_binary_info/standard_binary_info.c.obj
 .rodata.__bi_54
                0x10005198        0xc CMakeFiles/pico_i2c_adaptor_user1.dir/C_/Users/25000421/.pico-sdk/sdk/2.2.0/src/rp2_common/pico_standard_binary_info/standard_binary_info.c.obj
 .rodata.__bi_48
                0x100051a4        0xc CMakeFiles/pico_i2c_adaptor_user1.dir/C_/Users/25000421/.pico-sdk/sdk/2.2.0/src/rp2_common/pico_standard_binary_info/standard_binary_info.c.obj
 .rodata.__bi_42
                0x100051b0        0xc CMakeFiles/pico_i2c_adaptor_user1.dir/C_/Users/25000421/.pico-sdk/sdk/2.2.0/src/rp2_common/pico_standard_binary_info/standard_binary_info.c.obj
 .rodata.__bi_34
                0x100051bc        0xc CMakeFiles/pico_i2c_adaptor_user1.dir/C_/Users/25000421/.pico-sdk/sdk/2.2.0/src/rp2_common/pico_standard_binary_info/standard_binary_info.c.obj
 .rodata.__bi_26
                0x100051c8        0xc CMakeFiles/pico_i2c_adaptor_user1.dir/C_/Users/25000421/.pico-sdk/sdk/2.2.0/src/rp2_common/pico_standard_binary_info/standard_binary_info.c.obj
 .rodata.crlf_str.0
                0x100051d4        0x2 CMakeFiles/pico_i2c_adaptor_user1.dir/C_/Users/25000421/.pico-sdk/sdk/2.2.0/src/rp2_common/pico_stdio/stdio.c.obj
 *fill*         0x100051d6        0x2 
 .rodata._resetd_driver
                0x100051d8       0x24 CMakeFiles/pico_i2c_adaptor_user1.dir/C_/Users/25000421/.pico-sdk/sdk/2.2.0/src/rp2_common/pico_stdio_usb/reset_interface.c.obj
 .rodata.desc_ms_os_20
                0x100051fc       0xa6 CMakeFiles/pico_i2c_adaptor_user1.dir/C_/Users/25000421/.pico-sdk/sdk/2.2.0/src/rp2_common/pico_stdio_usb/reset_interface.c.obj
 *fill*         0x100052a2        0x2 
 .rodata.desc_bos
                0x100052a4       0x21 CMakeFiles/pico_i2c_adaptor_user1.dir/C_/Users/25000421/.pico-sdk/sdk/2.2.0/src/rp2_common/pico_stdio_usb/reset_interface.c.obj
                0x100052a4                desc_bos
 .rodata.str1.4
                0x100052c5       0x13 CMakeFiles/pico_i2c_adaptor_user1.dir/C_/Users/25000421/.pico-sdk/sdk/2.2.0/src/rp2_common/pico_stdio_usb/stdio_usb.c.obj
 *fill*         0x100052c5        0x3 
 .rodata.__bi_202.0
                0x100052c8        0xc CMakeFiles/pico_i2c_adaptor_user1.dir/C_/Users/25000421/.pico-sdk/sdk/2.2.0/src/rp2_common/pico_stdio_usb/stdio_usb.c.obj
 .rodata.str1.4
                0x100052d4       0x2a CMakeFiles/pico_i2c_adaptor_user1.dir/C_/Users/25000421/.pico-sdk/sdk/2.2.0/src/rp2_common/pico_stdio_usb/stdio_usb_descriptors.c.obj
 .rodata.usbd_desc_str
                0x100052d4       0x18 CMakeFiles/pico_i2c_adaptor_user1.dir/C_/Users/25000421/.pico-sdk/sdk/2.2.0/src/rp2_common/pico_stdio_usb/stdio_usb_descriptors.c.obj
 .rodata.usbd_desc_cfg
                0x100052ec       0x54 CMakeFiles/pico_i2c_adaptor_user1.dir/C_/Users/25000421/.pico-sdk/sdk/2.2.0/src/rp2_common/pico_stdio_usb/stdio_usb_descriptors.c.obj
 .rodata.usbd_desc_device
                0x10005340       0x12 CMakeFiles/pico_i2c_adaptor_user1.dir/C_/Users/25000421/.pico-sdk/sdk/2.2.0/src/rp2_common/pico_stdio_usb/stdio_usb_descriptors.c.obj
 .rodata.str1.4
                0x10005352       0x14 CMakeFiles/pico_i2c_adaptor_user1.dir/C_/Users/25000421/.pico-sdk/sdk/2.2.0/lib/tinyusb/src/portable/raspberrypi/rp2040/dcd_rp2040.c.obj
 .rodata.str1.4
                0x10005352       0x48 CMakeFiles/pico_i2c_adaptor_user1.dir/C_/Users/25000421/.pico-sdk/sdk/2.2.0/lib/tinyusb/src/portable/raspberrypi/rp2040/rp2040_usb.c.obj
 *fill*         0x10005352        0x2 
 .rodata.tud_task_ext
                0x10005354       0x8c CMakeFiles/pico_i2c_adaptor_user1.dir/C_/Users/25000421/.pico-sdk/sdk/2.2.0/lib/tinyusb/src/device/usbd.c.obj
 .rodata        0x100053e0       0x20 CMakeFiles/pico_i2c_adaptor_user1.dir/C_/Users/25000421/.pico-sdk/sdk/2.2.0/lib/tinyusb/src/device/usbd.c.obj
 .rodata._usbd_driver
                0x10005400       0x48 CMakeFiles/pico_i2c_adaptor_user1.dir/C_/Users/25000421/.pico-sdk/sdk/2.2.0/lib/tinyusb/src/device/usbd.c.obj
                0x10005448                        . = ALIGN (0x4)
 *(SORT_BY_ALIGNMENT(SORT_BY_NAME(.flashdata*)))
                0x10005448                        . = ALIGN (0x4)

.ARM.extab
 *(.ARM.extab* .gnu.linkonce.armextab.*)
                0x10005448                        __exidx_start = .

.ARM.exidx
 *(.ARM.exidx* .gnu.linkonce.armexidx.*)
                0x10005448                        __exidx_end = .
                0x10005448                        . = ALIGN (0x4)
                0x10005448                        __binary_info_start = .

.binary_info    0x10005448       0x24
 *(.binary_info.keep.*)
 .binary_info.keep.__bi_ptr84
                0x10005448        0x4 CMakeFiles/pico_i2c_adaptor_user1.dir/C_/Users/25000421/.pico-sdk/sdk/2.2.0/src/rp2_common/pico_standard_binary_info/standard_binary_info.c.obj
 .binary_info.keep.__bi_ptr78
                0x1000544c        0x4 CMakeFiles/pico_i2c_adaptor_user1.dir/C_/Users/25000421/.pico-sdk/sdk/2.2.0/src/rp2_common/pico_standard_binary_info/standard_binary_info.c.obj
 .binary_info.keep.__bi_ptr60
                0x10005450        0x4 CMakeFiles/pico_i2c_adaptor_user1.dir/C_/Users/25000421/.pico-sdk/sdk/2.2.0/src/rp2_common/pico_standard_binary_info/standard_binary_info.c.obj
 .binary_info.keep.__bi_ptr54
                0x10005454        0x4 CMakeFiles/pico_i2c_adaptor_user1.dir/C_/Users/25000421/.pico-sdk/sdk/2.2.0/src/rp2_common/pico_standard_binary_info/standard_binary_info.c.obj
 .binary_info.keep.__bi_ptr48
                0x10005458        0x4 CMakeFiles/pico_i2c_adaptor_user1.dir/C_/Users/25000421/.pico-sdk/sdk/2.2.0/src/rp2_common/pico_standard_binary_info/standard_binary_info.c.obj
 .binary_info.keep.__bi_ptr42
                0x1000545c        0x4 CMakeFiles/pico_i2c_adaptor_user1.dir/C_/Users/25000421/.pico-sdk/sdk/2.2.0/src/rp2_common/pico_standard_binary_info/standard_binary_info.c.obj
 .binary_info.keep.__bi_ptr34
                0x10005460        0x4 CMakeFiles/pico_i2c_adaptor_user1.dir/C_/Users/25000421/.pico-sdk/sdk/2.2.0/src/rp2_common/pico_standard_binary_info/standard_binary_info.c.obj
 .binary_info.keep.__bi_ptr26
                0x10005464        0x4 CMakeFiles/pico_i2c_adaptor_user1.dir/C_/Users/25000421/.pico-sdk/sdk/2.2.0/src/rp2_common/pico_standard_binary_info/standard_binary_info.c.obj
 *(.binary_info.*)
 .binary_info.__bi_ptr202
                0x10005468        0x4 CMakeFiles/pico_i2c_adaptor_user1.dir/C_/Users/25000421/.pico-sdk/sdk/2.2.0/src/rp2_common/pico_stdio_usb/stdio_usb.c.obj
                0x1000546c                        __binary_info_end = .
                0x1000546c                        . = ALIGN (0x4)

.ram_vector_table
                0x20000000       0xc0
 *(.ram_vector_table)
 .ram_vector_table
                0x20000000       0xc0 CMakeFiles/pico_i2c_adaptor_user1.dir/C_/Users/25000421/.pico-sdk/sdk/2.2.0/src/rp2_common/pico_runtime_init/runtime_init.c.obj
                0x20000000                ram_vector_table

.uninitialized_data
                0x200000c0        0x0
                0x200000c0                        . = ALIGN (0x4)
 *(.uninitialized_data*)

.data           0x200000c0     0x1164 load address 0x1000546c
                0x200000c0                        __data_start__ = .
 *(vtable)
 *(.time_critical*)
 .time_critical.i2c_slave_irq_handler
                0x200000c0       0xa4 CMakeFiles/pico_i2c_adaptor_user1.dir/C_/Users/25000421/.pico-sdk/sdk/2.2.0/src/rp2_common/pico_i2c_slave/i2c_slave.c.obj
 .time_critical.mutex_try_enter
                0x20000164       0x40 CMakeFiles/pico_i2c_adaptor_user1.dir/C_/Users/25000421/.pico-sdk/sdk/2.2.0/src/common/pico_sync/mutex.c.obj
                0x20000164                mutex_try_enter
 .time_critical.mutex_try_enter_block_until
                0x200001a4       0x98 CMakeFiles/pico_i2c_adaptor_user1.dir/C_/Users/25000421/.pico-sdk/sdk/2.2.0/src/common/pico_sync/mutex.c.obj
                0x200001a4                mutex_try_enter_block_until
 .time_critical.mutex_enter_timeout_ms
                0x2000023c       0x8c CMakeFiles/pico_i2c_adaptor_user1.dir/C_/Users/25000421/.pico-sdk/sdk/2.2.0/src/common/pico_sync/mutex.c.obj
                0x2000023c                mutex_enter_timeout_ms
 .time_critical.mutex_exit
                0x200002c8       0x28 CMakeFiles/pico_i2c_adaptor_user1.dir/C_/Users/25000421/.pico-sdk/sdk/2.2.0/src/common/pico_sync/mutex.c.obj
                0x200002c8                mutex_exit
 .time_critical.flash_init_boot2_copyout
                0x200002f0       0x30 CMakeFiles/pico_i2c_adaptor_user1.dir/C_/Users/25000421/.pico-sdk/sdk/2.2.0/src/rp2_common/hardware_flash/flash.c.obj
 .time_critical.flash_enable_xip_via_boot2
                0x20000320        0xc CMakeFiles/pico_i2c_adaptor_user1.dir/C_/Users/25000421/.pico-sdk/sdk/2.2.0/src/rp2_common/hardware_flash/flash.c.obj
 .time_critical.flash_save_hardware_state
                0x2000032c       0x20 CMakeFiles/pico_i2c_adaptor_user1.dir/C_/Users/25000421/.pico-sdk/sdk/2.2.0/src/rp2_common/hardware_flash/flash.c.obj
 .time_critical.flash_restore_hardware_state
                0x2000034c       0x20 CMakeFiles/pico_i2c_adaptor_user1.dir/C_/Users/25000421/.pico-sdk/sdk/2.2.0/src/rp2_common/hardware_flash/flash.c.obj
 .time_critical.flash_cs_force
                0x2000036c       0x38 CMakeFiles/pico_i2c_adaptor_user1.dir/C_/Users/25000421/.pico-sdk/sdk/2.2.0/src/rp2_common/hardware_flash/flash.c.obj
 .time_critical.flash_do_cmd
                0x200003a4      0x13c CMakeFiles/pico_i2c_adaptor_user1.dir/C_/Users/25000421/.pico-sdk/sdk/2.2.0/src/rp2_common/hardware_flash/flash.c.obj
                0x200003a4                flash_do_cmd
 .time_critical.reset_non_control_endpoints
                0x200004e0       0x68 CMakeFiles/pico_i2c_adaptor_user1.dir/C_/Users/25000421/.pico-sdk/sdk/2.2.0/lib/tinyusb/src/portable/raspberrypi/rp2040/dcd_rp2040.c.obj
 .time_critical.hw_handle_buff_status
                0x20000548       0xa4 CMakeFiles/pico_i2c_adaptor_user1.dir/C_/Users/25000421/.pico-sdk/sdk/2.2.0/lib/tinyusb/src/portable/raspberrypi/rp2040/dcd_rp2040.c.obj
 .time_critical.dcd_rp2040_irq
                0x200005ec      0x560 CMakeFiles/pico_i2c_adaptor_user1.dir/C_/Users/25000421/.pico-sdk/sdk/2.2.0/lib/tinyusb/src/portable/raspberrypi/rp2040/dcd_rp2040.c.obj
 .time_critical.prepare_ep_buffer
                0x20000b4c       0xc8 CMakeFiles/pico_i2c_adaptor_user1.dir/C_/Users/25000421/.pico-sdk/sdk/2.2.0/lib/tinyusb/src/portable/raspberrypi/rp2040/rp2040_usb.c.obj
 .time_critical.sync_ep_buffer
                0x20000c14       0x9c CMakeFiles/pico_i2c_adaptor_user1.dir/C_/Users/25000421/.pico-sdk/sdk/2.2.0/lib/tinyusb/src/portable/raspberrypi/rp2040/rp2040_usb.c.obj
 .time_critical._hw_endpoint_xfer_sync
                0x20000cb0       0x28 CMakeFiles/pico_i2c_adaptor_user1.dir/C_/Users/25000421/.pico-sdk/sdk/2.2.0/lib/tinyusb/src/portable/raspberrypi/rp2040/rp2040_usb.c.obj
 .time_critical.e15_is_bulkin_ep
                0x20000cd8       0x28 CMakeFiles/pico_i2c_adaptor_user1.dir/C_/Users/25000421/.pico-sdk/sdk/2.2.0/lib/tinyusb/src/portable/raspberrypi/rp2040/rp2040_usb.c.obj
 .time_critical.e15_is_critical_frame_period
                0x20000d00       0x34 CMakeFiles/pico_i2c_adaptor_user1.dir/C_/Users/25000421/.pico-sdk/sdk/2.2.0/lib/tinyusb/src/portable/raspberrypi/rp2040/rp2040_usb.c.obj
 .time_critical.hw_endpoint_reset_transfer
                0x20000d34        0xc CMakeFiles/pico_i2c_adaptor_user1.dir/C_/Users/25000421/.pico-sdk/sdk/2.2.0/lib/tinyusb/src/portable/raspberrypi/rp2040/rp2040_usb.c.obj
                0x20000d34                hw_endpoint_reset_transfer
 .time_critical._hw_endpoint_buffer_control_update32
                0x20000d40       0x50 CMakeFiles/pico_i2c_adaptor_user1.dir/C_/Users/25000421/.pico-sdk/sdk/2.2.0/lib/tinyusb/src/portable/raspberrypi/rp2040/rp2040_usb.c.obj
                0x20000d40                _hw_endpoint_buffer_control_update32
 .time_critical.hw_endpoint_start_next_buffer
                0x20000d90       0x68 CMakeFiles/pico_i2c_adaptor_user1.dir/C_/Users/25000421/.pico-sdk/sdk/2.2.0/lib/tinyusb/src/portable/raspberrypi/rp2040/rp2040_usb.c.obj
                0x20000d90                hw_endpoint_start_next_buffer
 .time_critical.hw_endpoint_xfer_continue
                0x20000df8       0x40 CMakeFiles/pico_i2c_adaptor_user1.dir/C_/Users/25000421/.pico-sdk/sdk/2.2.0/lib/tinyusb/src/portable/raspberrypi/rp2040/rp2040_usb.c.obj
                0x20000df8                hw_endpoint_xfer_continue
 .time_critical.tinyusb
                0x20000e38      0x28c CMakeFiles/pico_i2c_adaptor_user1.dir/C_/Users/25000421/.pico-sdk/sdk/2.2.0/lib/tinyusb/src/device/usbd.c.obj
                0x20000e38                dcd_event_handler
 *(.text*)
 .text          0x200010c4        0x4 C:/Users/25000421/.pico-sdk/toolchain/14_2_Rel1/bin/../lib/gcc/arm-none-eabi/14.2.1/thumb/v6-m/nofp\libgcc.a(_dvmd_tls.o)
                0x200010c4                __aeabi_idiv0
                0x200010c4                __aeabi_ldiv0
 .text.__stub   0x200010c8       0x80 linker stubs
                0x20001148                        . = ALIGN (0x4)
 *(.rodata*)
                0x20001148                        . = ALIGN (0x4)
 *(.data*)
 .data.current_i2c_baudrate
                0x20001148        0x4 CMakeFiles/pico_i2c_adaptor_user1.dir/pico_i2c_adaptor_user1.c.obj
                0x20001148                current_i2c_baudrate
 .data.i2c1_inst
                0x2000114c        0x8 CMakeFiles/pico_i2c_adaptor_user1.dir/C_/Users/25000421/.pico-sdk/sdk/2.2.0/src/rp2_common/hardware_i2c/i2c.c.obj
                0x2000114c                i2c1_inst
 .data.i2c0_inst
                0x20001154        0x8 CMakeFiles/pico_i2c_adaptor_user1.dir/C_/Users/25000421/.pico-sdk/sdk/2.2.0/src/rp2_common/hardware_i2c/i2c.c.obj
                0x20001154                i2c0_inst
 .data.striped_spin_lock_num
                0x2000115c        0x1 CMakeFiles/pico_i2c_adaptor_user1.dir/C_/Users/25000421/.pico-sdk/sdk/2.2.0/src/rp2_common/hardware_sync/sync.c.obj
 *fill*         0x2000115d        0x3 
 .data.default_alarm_pool
                0x20001160       0x18 CMakeFiles/pico_i2c_adaptor_user1.dir/C_/Users/25000421/.pico-sdk/sdk/2.2.0/src/common/pico_time/time.c.obj
 .data          0x20001178       0x48 CMakeFiles/pico_i2c_adaptor_user1.dir/C_/Users/25000421/.pico-sdk/sdk/2.2.0/src/rp2_common/hardware_irq/irq_handler_chain.S.obj
                0x20001178                irq_handler_chain_slots
                0x200011a8                irq_handler_chain_first_slot
                0x200011b2                irq_handler_chain_remove_tail
 .data.aeabi_bits_funcs
                0x200011c0       0x10 CMakeFiles/pico_i2c_adaptor_user1.dir/C_/Users/25000421/.pico-sdk/sdk/2.2.0/src/rp2_common/pico_bit_ops/bit_ops_aeabi.S.obj
                0x200011c0                aeabi_bits_funcs
                0x200011d0                aeabi_bits_funcs_end
 .data.aeabi_mem_funcs
                0x200011d0       0x10 CMakeFiles/pico_i2c_adaptor_user1.dir/C_/Users/25000421/.pico-sdk/sdk/2.2.0/src/rp2_common/pico_mem_ops/mem_ops_aeabi.S.obj
                0x200011d0                aeabi_mem_funcs
                0x200011e0                aeabi_mem_funcs_end
 .data.stdio_usb
                0x200011e0       0x18 CMakeFiles/pico_i2c_adaptor_user1.dir/C_/Users/25000421/.pico-sdk/sdk/2.2.0/src/rp2_common/pico_stdio_usb/stdio_usb.c.obj
                0x200011e0                stdio_usb
 .data._usbd_qdef
                0x200011f8       0x1c CMakeFiles/pico_i2c_adaptor_user1.dir/C_/Users/25000421/.pico-sdk/sdk/2.2.0/lib/tinyusb/src/device/usbd.c.obj
                0x200011f8                _usbd_qdef
 .data._usbd_rhport
                0x20001214        0x1 CMakeFiles/pico_i2c_adaptor_user1.dir/C_/Users/25000421/.pico-sdk/sdk/2.2.0/lib/tinyusb/src/device/usbd.c.obj
 *fill*         0x20001215        0x3 
 .data._cdcd_cfg
                0x20001218        0x1 CMakeFiles/pico_i2c_adaptor_user1.dir/C_/Users/25000421/.pico-sdk/sdk/2.2.0/lib/tinyusb/src/class/cdc/cdc_device.c.obj
                0x2000121c                        . = ALIGN (0x4)
 *fill*         0x20001219        0x3 
 *(.after_data.*)
                0x2000121c                        . = ALIGN (0x4)
                0x2000121c                        PROVIDE (__mutex_array_start = .)
 *(SORT_BY_NAME(.mutex_array.*))
 *(.mutex_array)
 .mutex_array   0x2000121c        0x8 CMakeFiles/pico_i2c_adaptor_user1.dir/C_/Users/25000421/.pico-sdk/sdk/2.2.0/src/rp2_common/pico_stdio/stdio.c.obj
                0x20001224                        PROVIDE (__mutex_array_end = .)
                0x20001224                        . = ALIGN (0x4)
 *(.jcr)
                0x20001224                        . = ALIGN (0x4)

.tm_clone_table
                0x20001224        0x0 load address 0x100065d0
 .tm_clone_table
                0x20001224        0x0 C:/Users/25000421/.pico-sdk/toolchain/14_2_Rel1/bin/../lib/gcc/arm-none-eabi/14.2.1/thumb/v6-m/nofp/crtbegin.o
 .tm_clone_table
                0x20001224        0x0 C:/Users/25000421/.pico-sdk/toolchain/14_2_Rel1/bin/../lib/gcc/arm-none-eabi/14.2.1/thumb/v6-m/nofp/crtend.o

.igot.plt       0x20001224        0x0 load address 0x100065d0
 .igot.plt      0x20001224        0x0 C:/Users/25000421/.pico-sdk/toolchain/14_2_Rel1/bin/../lib/gcc/arm-none-eabi/14.2.1/thumb/v6-m/nofp/crtbegin.o

.tdata          0x20001224        0x0 load address 0x100065d0
                0x20001224                        . = ALIGN (0x4)
 *(.tdata .tdata.* .gnu.linkonce.td.*)
                0x20001224                        __tdata_end = .
                0x20001224                        PROVIDE (__data_end__ = .)
                0x1000546c                        __etext = LOADADDR (.data)

.tbss           0x20001224        0x0 load address 0x100065d0
                0x20001224                        . = ALIGN (0x4)
                0x20001224                        __bss_start__ = .
                0x20001224                        __tls_base = .
 *(.tbss .tbss.* .gnu.linkonce.tb.*)
 *(.tcommon)
                0x20001224                        __tls_end = .

.bss            0x20001228     0x1120 load address 0x100065d0
                0x20001228                        . = ALIGN (0x4)
                0x20001228                        __tbss_end = .
 *(SORT_BY_ALIGNMENT(SORT_BY_NAME(.bss*)))
 .bss.default_alarm_pool_entries
                0x20001228      0x180 CMakeFiles/pico_i2c_adaptor_user1.dir/C_/Users/25000421/.pico-sdk/sdk/2.2.0/src/common/pico_time/time.c.obj
 .bss.last_avail_time.1
                0x200013a8        0x8 CMakeFiles/pico_i2c_adaptor_user1.dir/C_/Users/25000421/.pico-sdk/sdk/2.2.0/src/rp2_common/pico_stdio_usb/stdio_usb.c.obj
 .bss.sd_table  0x200013b0      0x100 CMakeFiles/pico_i2c_adaptor_user1.dir/C_/Users/25000421/.pico-sdk/sdk/2.2.0/src/rp2_common/pico_double/double_init_rom_rp2040.c.obj
                0x200013b0                sd_table
 .bss.sf_table  0x200014b0      0x100 CMakeFiles/pico_i2c_adaptor_user1.dir/C_/Users/25000421/.pico-sdk/sdk/2.2.0/src/rp2_common/pico_float/float_init_rom_rp2040.c.obj
                0x200014b0                sf_table
 .bss._app_driver
                0x200015b0        0x4 CMakeFiles/pico_i2c_adaptor_user1.dir/C_/Users/25000421/.pico-sdk/sdk/2.2.0/lib/tinyusb/src/device/usbd.c.obj
 .bss._cdcd_epbuf
                0x200015b4       0x80 CMakeFiles/pico_i2c_adaptor_user1.dir/C_/Users/25000421/.pico-sdk/sdk/2.2.0/lib/tinyusb/src/class/cdc/cdc_device.c.obj
 .bss._cdcd_itf
                0x20001634       0xd4 CMakeFiles/pico_i2c_adaptor_user1.dir/C_/Users/25000421/.pico-sdk/sdk/2.2.0/lib/tinyusb/src/class/cdc/cdc_device.c.obj
 .bss._ctrl_epbuf
                0x20001708       0x40 CMakeFiles/pico_i2c_adaptor_user1.dir/C_/Users/25000421/.pico-sdk/sdk/2.2.0/lib/tinyusb/src/device/usbd_control.c.obj
 .bss._ctrl_xfer
                0x20001748       0x14 CMakeFiles/pico_i2c_adaptor_user1.dir/C_/Users/25000421/.pico-sdk/sdk/2.2.0/lib/tinyusb/src/device/usbd_control.c.obj
 .bss._tusb_rhport_role
                0x2000175c        0x2 CMakeFiles/pico_i2c_adaptor_user1.dir/C_/Users/25000421/.pico-sdk/sdk/2.2.0/lib/tinyusb/src/tusb.c.obj
                0x2000175c                _tusb_rhport_role
 *fill*         0x2000175e        0x2 
 .bss._ubsd_mutexdef
                0x20001760        0x8 CMakeFiles/pico_i2c_adaptor_user1.dir/C_/Users/25000421/.pico-sdk/sdk/2.2.0/lib/tinyusb/src/device/usbd.c.obj
 .bss._usbd_dev
                0x20001768       0x54 CMakeFiles/pico_i2c_adaptor_user1.dir/C_/Users/25000421/.pico-sdk/sdk/2.2.0/lib/tinyusb/src/device/usbd.c.obj
 .bss._usbd_mutex
                0x200017bc        0x4 CMakeFiles/pico_i2c_adaptor_user1.dir/C_/Users/25000421/.pico-sdk/sdk/2.2.0/lib/tinyusb/src/device/usbd.c.obj
 .bss._usbd_q   0x200017c0        0x4 CMakeFiles/pico_i2c_adaptor_user1.dir/C_/Users/25000421/.pico-sdk/sdk/2.2.0/lib/tinyusb/src/device/usbd.c.obj
 .bss._usbd_qdef_buf
                0x200017c4       0xc0 CMakeFiles/pico_i2c_adaptor_user1.dir/C_/Users/25000421/.pico-sdk/sdk/2.2.0/lib/tinyusb/src/device/usbd.c.obj
                0x200017c4                _usbd_qdef_buf
 .bss._usbd_spin
                0x20001884        0x8 CMakeFiles/pico_i2c_adaptor_user1.dir/C_/Users/25000421/.pico-sdk/sdk/2.2.0/lib/tinyusb/src/device/usbd.c.obj
 .bss._vendord_epbuf
                0x2000188c       0x80 CMakeFiles/pico_i2c_adaptor_user1.dir/C_/Users/25000421/.pico-sdk/sdk/2.2.0/lib/tinyusb/src/class/vendor/vendor_device.c.obj
 .bss._vendord_itf
                0x2000190c      0x24c CMakeFiles/pico_i2c_adaptor_user1.dir/C_/Users/25000421/.pico-sdk/sdk/2.2.0/lib/tinyusb/src/class/vendor/vendor_device.c.obj
 .bss.boot2_copyout
                0x20001b58      0x100 CMakeFiles/pico_i2c_adaptor_user1.dir/C_/Users/25000421/.pico-sdk/sdk/2.2.0/src/rp2_common/hardware_flash/flash.c.obj
 .bss.chars_available_callback
                0x20001c58        0x4 CMakeFiles/pico_i2c_adaptor_user1.dir/C_/Users/25000421/.pico-sdk/sdk/2.2.0/src/rp2_common/pico_stdio_usb/stdio_usb.c.obj
 .bss.chars_available_param
                0x20001c5c        0x4 CMakeFiles/pico_i2c_adaptor_user1.dir/C_/Users/25000421/.pico-sdk/sdk/2.2.0/src/rp2_common/pico_stdio_usb/stdio_usb.c.obj
 .bss.claimed   0x20001c60        0x4 CMakeFiles/pico_i2c_adaptor_user1.dir/C_/Users/25000421/.pico-sdk/sdk/2.2.0/src/rp2_common/hardware_sync/sync.c.obj
 .bss.claimed   0x20001c64        0x1 CMakeFiles/pico_i2c_adaptor_user1.dir/C_/Users/25000421/.pico-sdk/sdk/2.2.0/src/rp2_common/hardware_timer/timer.c.obj
 *fill*         0x20001c65        0x3 
 .bss.configured_freq
                0x20001c68       0x28 CMakeFiles/pico_i2c_adaptor_user1.dir/C_/Users/25000421/.pico-sdk/sdk/2.2.0/src/rp2_common/hardware_clocks/clocks.c.obj
 .bss.context   0x20001c90      0x204 CMakeFiles/pico_i2c_adaptor_user1.dir/pico_i2c_adaptor_user1.c.obj
 .bss.desc_str.0
                0x20001e94       0x28 CMakeFiles/pico_i2c_adaptor_user1.dir/C_/Users/25000421/.pico-sdk/sdk/2.2.0/src/rp2_common/pico_stdio_usb/stdio_usb_descriptors.c.obj
 .bss.drivers   0x20001ebc        0x4 CMakeFiles/pico_i2c_adaptor_user1.dir/C_/Users/25000421/.pico-sdk/sdk/2.2.0/src/rp2_common/pico_stdio/stdio.c.obj
 .bss.e15_last_sof
                0x20001ec0        0x4 CMakeFiles/pico_i2c_adaptor_user1.dir/C_/Users/25000421/.pico-sdk/sdk/2.2.0/lib/tinyusb/src/portable/raspberrypi/rp2040/rp2040_usb.c.obj
                0x20001ec0                e15_last_sof
 .bss.filter    0x20001ec4        0x4 CMakeFiles/pico_i2c_adaptor_user1.dir/C_/Users/25000421/.pico-sdk/sdk/2.2.0/src/rp2_common/pico_stdio/stdio.c.obj
 .bss.hw_endpoints
                0x20001ec8      0x400 CMakeFiles/pico_i2c_adaptor_user1.dir/C_/Users/25000421/.pico-sdk/sdk/2.2.0/lib/tinyusb/src/portable/raspberrypi/rp2040/dcd_rp2040.c.obj
 .bss.i2c_slaves
                0x200022c8       0x10 CMakeFiles/pico_i2c_adaptor_user1.dir/C_/Users/25000421/.pico-sdk/sdk/2.2.0/src/rp2_common/pico_i2c_slave/i2c_slave.c.obj
 .bss.lazy_vsnprintf
                0x200022d8        0x4 CMakeFiles/pico_i2c_adaptor_user1.dir/C_/Users/25000421/.pico-sdk/sdk/2.2.0/src/rp2_common/pico_printf/printf.c.obj
 .bss.load_value
                0x200022dc        0x4 CMakeFiles/pico_i2c_adaptor_user1.dir/C_/Users/25000421/.pico-sdk/sdk/2.2.0/src/rp2_common/hardware_watchdog/watchdog.c.obj
 .bss.next_buffer_ptr
                0x200022e0        0x4 CMakeFiles/pico_i2c_adaptor_user1.dir/C_/Users/25000421/.pico-sdk/sdk/2.2.0/lib/tinyusb/src/portable/raspberrypi/rp2040/dcd_rp2040.c.obj
 .bss.object.0  0x200022e4       0x18 C:/Users/25000421/.pico-sdk/toolchain/14_2_Rel1/bin/../lib/gcc/arm-none-eabi/14.2.1/thumb/v6-m/nofp/crtbegin.o
 .bss.one_shot_timer_crit_sec
                0x200022fc        0x8 CMakeFiles/pico_i2c_adaptor_user1.dir/C_/Users/25000421/.pico-sdk/sdk/2.2.0/src/rp2_common/pico_stdio_usb/stdio_usb.c.obj
 .bss.pools     0x20002304       0x10 CMakeFiles/pico_i2c_adaptor_user1.dir/C_/Users/25000421/.pico-sdk/sdk/2.2.0/src/common/pico_time/time.c.obj
 .bss.retrieved_id
                0x20002314        0x8 CMakeFiles/pico_i2c_adaptor_user1.dir/C_/Users/25000421/.pico-sdk/sdk/2.2.0/src/rp2_common/pico_unique_id/unique_id.c.obj
 .bss.sf_clz_func
                0x2000231c        0x4 CMakeFiles/pico_i2c_adaptor_user1.dir/C_/Users/25000421/.pico-sdk/sdk/2.2.0/src/rp2_common/pico_double/double_init_rom_rp2040.c.obj
                0x2000231c                sf_clz_func
 .bss.sleep_notifier
                0x20002320        0x4 CMakeFiles/pico_i2c_adaptor_user1.dir/C_/Users/25000421/.pico-sdk/sdk/2.2.0/src/common/pico_time/time.c.obj
 .bss.stdio_usb_mutex
                0x20002324        0x8 CMakeFiles/pico_i2c_adaptor_user1.dir/C_/Users/25000421/.pico-sdk/sdk/2.2.0/src/rp2_common/pico_stdio_usb/stdio_usb.c.obj
 .bss.usbd_serial_str
                0x2000232c       0x11 CMakeFiles/pico_i2c_adaptor_user1.dir/C_/Users/25000421/.pico-sdk/sdk/2.2.0/src/rp2_common/pico_stdio_usb/stdio_usb_descriptors.c.obj
 .bss._app_driver_count
                0x2000233d        0x1 CMakeFiles/pico_i2c_adaptor_user1.dir/C_/Users/25000421/.pico-sdk/sdk/2.2.0/lib/tinyusb/src/device/usbd.c.obj
 .bss._sof_enable
                0x2000233e        0x1 CMakeFiles/pico_i2c_adaptor_user1.dir/C_/Users/25000421/.pico-sdk/sdk/2.2.0/lib/tinyusb/src/portable/raspberrypi/rp2040/dcd_rp2040.c.obj
 .bss._usbd_queued_setup
                0x2000233f        0x1 CMakeFiles/pico_i2c_adaptor_user1.dir/C_/Users/25000421/.pico-sdk/sdk/2.2.0/lib/tinyusb/src/device/usbd.c.obj
 .bss.boot2_copyout_valid
                0x20002340        0x1 CMakeFiles/pico_i2c_adaptor_user1.dir/C_/Users/25000421/.pico-sdk/sdk/2.2.0/src/rp2_common/hardware_flash/flash.c.obj
 .bss.irq_handler_chain_free_slot_head
                0x20002341        0x1 CMakeFiles/pico_i2c_adaptor_user1.dir/C_/Users/25000421/.pico-sdk/sdk/2.2.0/src/rp2_common/hardware_irq/irq.c.obj
 .bss.itf_num   0x20002342        0x1 CMakeFiles/pico_i2c_adaptor_user1.dir/C_/Users/25000421/.pico-sdk/sdk/2.2.0/src/rp2_common/pico_stdio_usb/reset_interface.c.obj
 .bss.low_priority_irq_num
                0x20002343        0x1 CMakeFiles/pico_i2c_adaptor_user1.dir/C_/Users/25000421/.pico-sdk/sdk/2.2.0/src/rp2_common/pico_stdio_usb/stdio_usb.c.obj
 .bss.one_shot_timer_pending
                0x20002344        0x1 CMakeFiles/pico_i2c_adaptor_user1.dir/C_/Users/25000421/.pico-sdk/sdk/2.2.0/src/rp2_common/pico_stdio_usb/stdio_usb.c.obj
 .bss.user_irq_claimed
                0x20002345        0x1 CMakeFiles/pico_i2c_adaptor_user1.dir/C_/Users/25000421/.pico-sdk/sdk/2.2.0/src/rp2_common/hardware_irq/irq.c.obj
 *(COMMON)
                0x20002348                        . = ALIGN (0x4)
 *fill*         0x20002346        0x2 
                0x20002348                        __bss_end__ = .

.heap           0x20002348      0x800 load address 0x100065d0
                0x20002348                        __end__ = .
                0x20002348                        end = __end__
 *(.heap*)
 .heap          0x20002348      0x800 CMakeFiles/pico_i2c_adaptor_user1.dir/C_/Users/25000421/.pico-sdk/sdk/2.2.0/src/rp2_common/pico_crt0/crt0.S.obj
                0x20040000                        __HeapLimit = (ORIGIN (RAM) + LENGTH (RAM))

.scratch_x      0x20040000        0x0 load address 0x100065d0
                0x20040000                        __scratch_x_start__ = .
 *(.scratch_x.*)
                0x20040000                        . = ALIGN (0x4)
                0x20040000                        __scratch_x_end__ = .
                0x100065d0                        __scratch_x_source__ = LOADADDR (.scratch_x)

.scratch_y      0x20041000        0x0 load address 0x100065d0
                0x20041000                        __scratch_y_start__ = .
 *(.scratch_y.*)
                0x20041000                        . = ALIGN (0x4)
                0x20041000                        __scratch_y_end__ = .
                0x100065d0                        __scratch_y_source__ = LOADADDR (.scratch_y)

.stack1_dummy
 *(.stack1*)

.stack_dummy    0x20041000      0x800
 *(.stack*)
 .stack         0x20041000      0x800 CMakeFiles/pico_i2c_adaptor_user1.dir/C_/Users/25000421/.pico-sdk/sdk/2.2.0/src/rp2_common/pico_crt0/crt0.S.obj

.rel.dyn        0x20041800        0x0
 .rel.iplt      0x20041800        0x0 C:/Users/25000421/.pico-sdk/toolchain/14_2_Rel1/bin/../lib/gcc/arm-none-eabi/14.2.1/thumb/v6-m/nofp/crtbegin.o

.flash_end      0x100065d0        0x0
 *(.embedded_end_block*)
                0x100065d0                        PROVIDE (__flash_binary_end = .)
                0x20040000                        __StackLimit = (ORIGIN (RAM) + LENGTH (RAM))
                0x20041000                        __StackOneTop = (ORIGIN (SCRATCH_X) + LENGTH (SCRATCH_X))
                0x20042000                        __StackTop = (ORIGIN (SCRATCH_Y) + LENGTH (SCRATCH_Y))
                0x20041000                        __StackOneBottom = (__StackOneTop - SIZEOF (.stack1_dummy))
                0x20041800                        __StackBottom = (__StackTop - SIZEOF (.stack_dummy))
                0x20042000                        PROVIDE (__stack = __StackTop)
                [!provide]                        PROVIDE (__heap_start = __end__)
                [!provide]                        PROVIDE (__heap_end = __HeapLimit)
                [!provide]                        PROVIDE (__tls_align = MAX (ALIGNOF (.tdata), ALIGNOF (.tbss)))
                [!provide]                        PROVIDE (__tls_size_align = (((__tls_size + __tls_align) - 0x1) & ~ ((__tls_align - 0x1))))
                [!provide]                        PROVIDE (__arm32_tls_tcb_offset = MAX (0x8, __tls_align))
                [!provide]                        PROVIDE (_end = __end__)
                [!provide]                        PROVIDE (__llvm_libc_heap_limit = __HeapLimit)
                0x00000001                        ASSERT ((__StackLimit >= __HeapLimit), region RAM overflowed)
                0x00000001                        ASSERT (((__binary_info_header_end - __logical_binary_start) <= 0x100), Binary info must be in first 256 bytes of the binary)
LOAD CMakeFiles/pico_i2c_adaptor_user1.dir/pico_i2c_adaptor_user1.c.obj
LOAD CMakeFiles/pico_i2c_adaptor_user1.dir/C_/Users/25000421/.pico-sdk/sdk/2.2.0/src/rp2_common/pico_i2c_slave/i2c_slave.c.obj
LOAD CMakeFiles/pico_i2c_adaptor_user1.dir/C_/Users/25000421/.pico-sdk/sdk/2.2.0/src/rp2_common/hardware_i2c/i2c.c.obj
LOAD CMakeFiles/pico_i2c_adaptor_user1.dir/C_/Users/25000421/.pico-sdk/sdk/2.2.0/src/rp2040/pico_platform/platform.c.obj
LOAD CMakeFiles/pico_i2c_adaptor_user1.dir/C_/Users/25000421/.pico-sdk/sdk/2.2.0/src/rp2_common/pico_platform_common/common.c.obj